Archive member included to satisfy reference by file (symbol)

c:/intelfpga_lite/21.1/nios2eds/bin/gnu/h-x86_64-mingw32/bin/../lib/gcc/nios2-elf/10.3.1\libgcc.a(lib2-divmod.o)
                              obj/default/count_binary.o (__divsi3)
c:/intelfpga_lite/21.1/nios2eds/bin/gnu/h-x86_64-mingw32/bin/../lib/gcc/nios2-elf/10.3.1/../../../../../H-x86_64-mingw32/nios2-elf/lib\libc.a(lib_a-printf.o)
                              obj/default/count_binary.o (printf)
c:/intelfpga_lite/21.1/nios2eds/bin/gnu/h-x86_64-mingw32/bin/../lib/gcc/nios2-elf/10.3.1/../../../../../H-x86_64-mingw32/nios2-elf/lib\libc.a(lib_a-putchar.o)
                              obj/default/count_binary.o (putchar)
c:/intelfpga_lite/21.1/nios2eds/bin/gnu/h-x86_64-mingw32/bin/../lib/gcc/nios2-elf/10.3.1/../../../../../H-x86_64-mingw32/nios2-elf/lib\libc.a(lib_a-puts.o)
                              obj/default/count_binary.o (puts)
c:/intelfpga_lite/21.1/nios2eds/bin/gnu/h-x86_64-mingw32/bin/../lib/gcc/nios2-elf/10.3.1/../../../../../H-x86_64-mingw32/nios2-elf/lib\libc.a(lib_a-strlen.o)
                              c:/intelfpga_lite/21.1/nios2eds/bin/gnu/h-x86_64-mingw32/bin/../lib/gcc/nios2-elf/10.3.1/../../../../../H-x86_64-mingw32/nios2-elf/lib\libc.a(lib_a-puts.o) (strlen)
c:/intelfpga_lite/21.1/nios2eds/bin/gnu/h-x86_64-mingw32/bin/../lib/gcc/nios2-elf/10.3.1/../../../../../H-x86_64-mingw32/nios2-elf/lib\libc.a(lib_a-vfprintf.o)
                              c:/intelfpga_lite/21.1/nios2eds/bin/gnu/h-x86_64-mingw32/bin/../lib/gcc/nios2-elf/10.3.1/../../../../../H-x86_64-mingw32/nios2-elf/lib\libc.a(lib_a-printf.o) (___vfprintf_internal_r)
c:/intelfpga_lite/21.1/nios2eds/bin/gnu/h-x86_64-mingw32/bin/../lib/gcc/nios2-elf/10.3.1/../../../../../H-x86_64-mingw32/nios2-elf/lib\libc.a(lib_a-wsetup.o)
                              c:/intelfpga_lite/21.1/nios2eds/bin/gnu/h-x86_64-mingw32/bin/../lib/gcc/nios2-elf/10.3.1/../../../../../H-x86_64-mingw32/nios2-elf/lib\libc.a(lib_a-vfprintf.o) (__swsetup_r)
c:/intelfpga_lite/21.1/nios2eds/bin/gnu/h-x86_64-mingw32/bin/../lib/gcc/nios2-elf/10.3.1/../../../../../H-x86_64-mingw32/nios2-elf/lib\libc.a(lib_a-dtoa.o)
                              c:/intelfpga_lite/21.1/nios2eds/bin/gnu/h-x86_64-mingw32/bin/../lib/gcc/nios2-elf/10.3.1/../../../../../H-x86_64-mingw32/nios2-elf/lib\libc.a(lib_a-vfprintf.o) (_dtoa_r)
c:/intelfpga_lite/21.1/nios2eds/bin/gnu/h-x86_64-mingw32/bin/../lib/gcc/nios2-elf/10.3.1/../../../../../H-x86_64-mingw32/nios2-elf/lib\libc.a(lib_a-fflush.o)
                              c:/intelfpga_lite/21.1/nios2eds/bin/gnu/h-x86_64-mingw32/bin/../lib/gcc/nios2-elf/10.3.1/../../../../../H-x86_64-mingw32/nios2-elf/lib\libc.a(lib_a-vfprintf.o) (_fflush_r)
c:/intelfpga_lite/21.1/nios2eds/bin/gnu/h-x86_64-mingw32/bin/../lib/gcc/nios2-elf/10.3.1/../../../../../H-x86_64-mingw32/nios2-elf/lib\libc.a(lib_a-findfp.o)
                              c:/intelfpga_lite/21.1/nios2eds/bin/gnu/h-x86_64-mingw32/bin/../lib/gcc/nios2-elf/10.3.1/../../../../../H-x86_64-mingw32/nios2-elf/lib\libc.a(lib_a-puts.o) (__sinit)
c:/intelfpga_lite/21.1/nios2eds/bin/gnu/h-x86_64-mingw32/bin/../lib/gcc/nios2-elf/10.3.1/../../../../../H-x86_64-mingw32/nios2-elf/lib\libc.a(lib_a-freer.o)
                              c:/intelfpga_lite/21.1/nios2eds/bin/gnu/h-x86_64-mingw32/bin/../lib/gcc/nios2-elf/10.3.1/../../../../../H-x86_64-mingw32/nios2-elf/lib\libc.a(lib_a-wsetup.o) (_free_r)
c:/intelfpga_lite/21.1/nios2eds/bin/gnu/h-x86_64-mingw32/bin/../lib/gcc/nios2-elf/10.3.1/../../../../../H-x86_64-mingw32/nios2-elf/lib\libc.a(lib_a-fvwrite.o)
                              c:/intelfpga_lite/21.1/nios2eds/bin/gnu/h-x86_64-mingw32/bin/../lib/gcc/nios2-elf/10.3.1/../../../../../H-x86_64-mingw32/nios2-elf/lib\libc.a(lib_a-puts.o) (__sfvwrite_r)
c:/intelfpga_lite/21.1/nios2eds/bin/gnu/h-x86_64-mingw32/bin/../lib/gcc/nios2-elf/10.3.1/../../../../../H-x86_64-mingw32/nios2-elf/lib\libc.a(lib_a-fwalk.o)
                              c:/intelfpga_lite/21.1/nios2eds/bin/gnu/h-x86_64-mingw32/bin/../lib/gcc/nios2-elf/10.3.1/../../../../../H-x86_64-mingw32/nios2-elf/lib\libc.a(lib_a-findfp.o) (_fwalk)
c:/intelfpga_lite/21.1/nios2eds/bin/gnu/h-x86_64-mingw32/bin/../lib/gcc/nios2-elf/10.3.1/../../../../../H-x86_64-mingw32/nios2-elf/lib\libc.a(lib_a-impure.o)
                              c:/intelfpga_lite/21.1/nios2eds/bin/gnu/h-x86_64-mingw32/bin/../lib/gcc/nios2-elf/10.3.1/../../../../../H-x86_64-mingw32/nios2-elf/lib\libc.a(lib_a-fflush.o) (_global_impure_ptr)
c:/intelfpga_lite/21.1/nios2eds/bin/gnu/h-x86_64-mingw32/bin/../lib/gcc/nios2-elf/10.3.1/../../../../../H-x86_64-mingw32/nios2-elf/lib\libc.a(lib_a-localeconv.o)
                              c:/intelfpga_lite/21.1/nios2eds/bin/gnu/h-x86_64-mingw32/bin/../lib/gcc/nios2-elf/10.3.1/../../../../../H-x86_64-mingw32/nios2-elf/lib\libc.a(lib_a-vfprintf.o) (_localeconv_r)
[...]
Memory Configuration

Name             Origin             Length             Attributes
reset            0x0000000000020000 0x0000000000000020
onchip_memory2_0 0x0000000000020020 0x0000000000018680
*default*        0x0000000000000000 0xffffffffffffffff

Linker script and memory map

LOAD c:/vcs/git/camouse/fpga/software/camouse_bsp//obj/HAL/src/crt0.o
LOAD obj/default/count_binary.o
LOAD c:/intelfpga_lite/21.1/nios2eds/bin/gnu/h-x86_64-mingw32/bin/../lib/gcc/nios2-elf/10.3.1/../../../../../H-x86_64-mingw32/nios2-elf/lib\libstdc++.a
LOAD c:/intelfpga_lite/21.1/nios2eds/bin/gnu/h-x86_64-mingw32/bin/../lib/gcc/nios2-elf/10.3.1/../../../../../H-x86_64-mingw32/nios2-elf/lib\libm.a
LOAD c:/intelfpga_lite/21.1/nios2eds/bin/gnu/h-x86_64-mingw32/bin/../lib/gcc/nios2-elf/10.3.1\libgcc.a
START GROUP
LOAD c:/intelfpga_lite/21.1/nios2eds/bin/gnu/h-x86_64-mingw32/bin/../lib/gcc/nios2-elf/10.3.1/../../../../../H-x86_64-mingw32/nios2-elf/lib\libc.a
LOAD c:/intelfpga_lite/21.1/nios2eds/bin/gnu/h-x86_64-mingw32/bin/../lib/gcc/nios2-elf/10.3.1\libgcc.a
LOAD c:/vcs/git/camouse/fpga/software/camouse_bsp/\libhal_bsp.a
LOAD c:/intelfpga_lite/21.1/nios2eds/bin/gnu/h-x86_64-mingw32/bin/../lib/gcc/nios2-elf/10.3.1/../../../../../H-x86_64-mingw32/nios2-elf/lib\libm.a
END GROUP
LOAD c:/intelfpga_lite/21.1/nios2eds/bin/gnu/h-x86_64-mingw32/bin/../lib/gcc/nios2-elf/10.3.1\libgcc.a
                0x0000000000020000                __alt_mem_onchip_memory2_0 = 0x20000

.entry          0x0000000000020000       0x20
 *(.entry)
 .entry         0x0000000000020000       0x20 c:/vcs/git/camouse/fpga/software/camouse_bsp//obj/HAL/src/crt0.o
                0x0000000000020000                __reset

.exceptions     0x0000000000020020      0x218
                0x0000000000020020                PROVIDE (__ram_exceptions_start = ABSOLUTE (.))
                0x0000000000020020                . = ALIGN (0x20)
 *(.irq)
 *(.exceptions.entry.label)
 .exceptions.entry.label
                0x0000000000020020        0x0 c:/vcs/git/camouse/fpga/software/camouse_bsp/\libhal_bsp.a(alt_irq_entry.o)
                0x0000000000020020                alt_irq_entry
 .exceptions.entry.label
                0x0000000000020020        0x0 c:/vcs/git/camouse/fpga/software/camouse_bsp/\libhal_bsp.a(alt_exception_entry.o)
                0x0000000000020020                alt_exception
 *(.exceptions.entry.user)
 *(.exceptions.entry.ecc_fatal)
 *(.exceptions.entry)
 .exceptions.entry
                0x0000000000020020       0x54 c:/vcs/git/camouse/fpga/software/camouse_bsp/\libhal_bsp.a(alt_exception_entry.o)
 *(.exceptions.irqtest.user)
 *(.exceptions.irqtest)
 .exceptions.irqtest
                0x0000000000020074       0x10 c:/vcs/git/camouse/fpga/software/camouse_bsp/\libhal_bsp.a(alt_irq_entry.o)
 *(.exceptions.irqhandler.user)
 *(.exceptions.irqhandler)
 .exceptions.irqhandler
                0x0000000000020084        0x4 c:/vcs/git/camouse/fpga/software/camouse_bsp/\libhal_bsp.a(alt_irq_entry.o)
 *(.exceptions.irqreturn.user)
 *(.exceptions.irqreturn)
 .exceptions.irqreturn
                0x0000000000020088        0x4 c:/vcs/git/camouse/fpga/software/camouse_bsp/\libhal_bsp.a(alt_irq_entry.o)
 *(.exceptions.notirq.label)
 .exceptions.notirq.label
                0x000000000002008c        0x0 c:/vcs/git/camouse/fpga/software/camouse_bsp/\libhal_bsp.a(alt_irq_entry.o)
 *(.exceptions.notirq.user)
 *(.exceptions.notirq)
 .exceptions.notirq
                0x000000000002008c        0x8 c:/vcs/git/camouse/fpga/software/camouse_bsp/\libhal_bsp.a(alt_exception_entry.o)
 *(.exceptions.soft.user)
 *(.exceptions.soft)
 *(.exceptions.unknown.user)
 *(.exceptions.unknown)
 .exceptions.unknown
                0x0000000000020094       0x14 c:/vcs/git/camouse/fpga/software/camouse_bsp/\libhal_bsp.a(alt_exception_entry.o)
 *(.exceptions.exit.label)
 .exceptions.exit.label
                0x00000000000200a8        0x0 c:/vcs/git/camouse/fpga/software/camouse_bsp/\libhal_bsp.a(alt_irq_entry.o)
 .exceptions.exit.label
                0x00000000000200a8        0x0 c:/vcs/git/camouse/fpga/software/camouse_bsp/\libhal_bsp.a(alt_exception_entry.o)
 *(.exceptions.exit.user)
 *(.exceptions.exit)
 .exceptions.exit
                0x00000000000200a8       0x54 c:/vcs/git/camouse/fpga/software/camouse_bsp/\libhal_bsp.a(alt_exception_entry.o)
 *(.exceptions)
 .exceptions    0x00000000000200fc       0xc8 c:/vcs/git/camouse/fpga/software/camouse_bsp/\libhal_bsp.a(alt_irq_handler.o)
                0x00000000000200fc                alt_irq_handler
 .exceptions    0x00000000000201c4       0x74 c:/vcs/git/camouse/fpga/software/camouse_bsp/\libhal_bsp.a(alt_instruction_exception_entry.o)
                0x00000000000201c4                alt_instruction_exception_entry
                0x0000000000020238                PROVIDE (__ram_exceptions_end = ABSOLUTE (.))
                0x0000000000020020                PROVIDE (__flash_exceptions_start = LOADADDR (.exceptions))

.text           0x0000000000020238     0xfc24
                [!provide]                        PROVIDE (stext = ABSOLUTE (.))
 *(.interp)
 *(.hash)
 *(.dynsym)
 *(.dynstr)
 *(.gnu.version)
 *(.gnu.version_d)
 *(.gnu.version_r)
 *(.rel.init)
 *(.rela.init)
 *(.rel.text .rel.text.* .rel.gnu.linkonce.t.*)
 *(.rela.text .rela.text.* .rela.gnu.linkonce.t.*)
 *(.rel.fini)
 *(.rela.fini)
 *(.rel.rodata .rel.rodata.* .rel.gnu.linkonce.r.*)
 *(.rela.rodata .rela.rodata.* .rela.gnu.linkonce.r.*)
 *(.rel.data .rel.data.* .rel.gnu.linkonce.d.*)
 *(.rela.data .rela.data.* .rela.gnu.linkonce.d.*)
 *(.rel.tdata .rel.tdata.* .rel.gnu.linkonce.td.*)
 *(.rela.tdata .rela.tdata.* .rela.gnu.linkonce.td.*)
 *(.rel.tbss .rel.tbss.* .rel.gnu.linkonce.tb.*)
 *(.rela.tbss .rela.tbss.* .rela.gnu.linkonce.tb.*)
 *(.rel.ctors)
 *(.rela.ctors)
 *(.rel.dtors)
 *(.rela.dtors)
 *(.rel.got)
 *(.rela.got)
 *(.rel.sdata .rel.sdata.* .rel.gnu.linkonce.s.*)
 *(.rela.sdata .rela.sdata.* .rela.gnu.linkonce.s.*)
 *(.rel.sbss .rel.sbss.* .rel.gnu.linkonce.sb.*)
 *(.rela.sbss .rela.sbss.* .rela.gnu.linkonce.sb.*)
 *(.rel.sdata2 .rel.sdata2.* .rel.gnu.linkonce.s2.*)
 *(.rela.sdata2 .rela.sdata2.* .rela.gnu.linkonce.s2.*)
 *(.rel.sbss2 .rel.sbss2.* .rel.gnu.linkonce.sb2.*)
 *(.rela.sbss2 .rela.sbss2.* .rela.gnu.linkonce.sb2.*)
 *(.rel.bss .rel.bss.* .rel.gnu.linkonce.b.*)
 *(.rela.bss .rela.bss.* .rela.gnu.linkonce.b.*)
 *(.rel.plt)
 *(.rela.plt)
 *(.rel.dyn)
 *(.init)
 *(.plt)
 *(.text .stub .text.* .gnu.linkonce.t.*)
 .text          0x0000000000020238       0x4c c:/vcs/git/camouse/fpga/software/camouse_bsp//obj/HAL/src/crt0.o
                0x0000000000020238                _start
 .text          0x0000000000020284      0x380 obj/default/count_binary.o
                0x0000000000020504                main
 .text          0x0000000000020604      0x1b4 c:/intelfpga_lite/21.1/nios2eds/bin/gnu/h-x86_64-mingw32/bin/../lib/gcc/nios2-elf/10.3.1\libgcc.a(lib2-divmod.o)
                0x0000000000020604                __divsi3
                0x0000000000020684                __modsi3
                0x00000000000206f8                __udivsi3
                0x000000000002075c                __umodsi3
 .text          0x00000000000207b8        0x0 c:/intelfpga_lite/21.1/nios2eds/bin/gnu/h-x86_64-mingw32/bin/../lib/gcc/nios2-elf/10.3.1/../../../../../H-x86_64-mingw32/nios2-elf/lib\libc.a(lib_a-printf.o)
 .text._printf_r
                0x00000000000207b8       0x30 c:/intelfpga_lite/21.1/nios2eds/bin/gnu/h-x86_64-mingw32/bin/../lib/gcc/nios2-elf/10.3.1/../../../../../H-x86_64-mingw32/nios2-elf/lib\libc.a(lib_a-printf.o)
                0x00000000000207b8                _printf_r
 .text.printf   0x00000000000207e8       0x38 c:/intelfpga_lite/21.1/nios2eds/bin/gnu/h-x86_64-mingw32/bin/../lib/gcc/nios2-elf/10.3.1/../../../../../H-x86_64-mingw32/nios2-elf/lib\libc.a(lib_a-printf.o)
                0x00000000000207e8                printf
 .text          0x0000000000020820        0x0 c:/intelfpga_lite/21.1/nios2eds/bin/gnu/h-x86_64-mingw32/bin/../lib/gcc/nios2-elf/10.3.1/../../../../../H-x86_64-mingw32/nios2-elf/lib\libc.a(lib_a-putchar.o)
 .text._putchar_r
                0x0000000000020820        0x8 c:/intelfpga_lite/21.1/nios2eds/bin/gnu/h-x86_64-mingw32/bin/../lib/gcc/nios2-elf/10.3.1/../../../../../H-x86_64-mingw32/nios2-elf/lib\libc.a(lib_a-putchar.o)
                0x0000000000020820                _putchar_r
 .text.putchar  0x0000000000020828       0x18 c:/intelfpga_lite/21.1/nios2eds/bin/gnu/h-x86_64-mingw32/bin/../lib/gcc/nios2-elf/10.3.1/../../../../../H-x86_64-mingw32/nios2-elf/lib\libc.a(lib_a-putchar.o)
                0x0000000000020828                putchar
 .text          0x0000000000020840        0x0 c:/intelfpga_lite/21.1/nios2eds/bin/gnu/h-x86_64-mingw32/bin/../lib/gcc/nios2-elf/10.3.1/../../../../../H-x86_64-mingw32/nios2-elf/lib\libc.a(lib_a-puts.o)
 .text._puts_r  0x0000000000020840       0xcc c:/intelfpga_lite/21.1/nios2eds/bin/gnu/h-x86_64-mingw32/bin/../lib/gcc/nios2-elf/10.3.1/../../../../../H-x86_64-mingw32/nios2-elf/lib\libc.a(lib_a-puts.o)
                0x0000000000020840                _puts_r
 .text.puts     0x000000000002090c       0x10 c:/intelfpga_lite/21.1/nios2eds/bin/gnu/h-x86_64-mingw32/bin/../lib/gcc/nios2-elf/10.3.1/../../../../../H-x86_64-mingw32/nios2-elf/lib\libc.a(lib_a-puts.o)
                0x000000000002090c                puts
 .text          0x000000000002091c        0x0 c:/intelfpga_lite/21.1/nios2eds/bin/gnu/h-x86_64-mingw32/bin/../lib/gcc/nios2-elf/10.3.1/../../../../../H-x86_64-mingw32/nios2-elf/lib\libc.a(lib_a-strlen.o)
 .text.strlen   0x000000000002091c       0x98 c:/intelfpga_lite/21.1/nios2eds/bin/gnu/h-x86_64-mingw32/bin/../lib/gcc/nios2-elf/10.3.1/../../../../../H-x86_64-mingw32/nios2-elf/lib\libc.a(lib_a-strlen.o)
                0x000000000002091c                strlen
 .text          0x00000000000209b4        0x0 c:/intelfpga_lite/21.1/nios2eds/bin/gnu/h-x86_64-mingw32/bin/../lib/gcc/nios2-elf/10.3.1/../../../../../H-x86_64-mingw32/nios2-elf/lib\libc.a(lib_a-vfprintf.o)
 .text.___vfprintf_internal_r
                0x00000000000209b4     0x2008 c:/intelfpga_lite/21.1/nios2eds/bin/gnu/h-x86_64-mingw32/bin/../lib/gcc/nios2-elf/10.3.1/../../../../../H-x86_64-mingw32/nios2-elf/lib\libc.a(lib_a-vfprintf.o)
                0x00000000000209b4                ___vfprintf_internal_r
 .text.__vfprintf_internal
                0x00000000000229bc       0x1c c:/intelfpga_lite/21.1/nios2eds/bin/gnu/h-x86_64-mingw32/bin/../lib/gcc/nios2-elf/10.3.1/../../../../../H-x86_64-mingw32/nios2-elf/lib\libc.a(lib_a-vfprintf.o)
                0x00000000000229bc                __vfprintf_internal
 .text.__sbprintf
                0x00000000000229d8       0xc0 c:/intelfpga_lite/21.1/nios2eds/bin/gnu/h-x86_64-mingw32/bin/../lib/gcc/nios2-elf/10.3.1/../../../../../H-x86_64-mingw32/nios2-elf/lib\libc.a(lib_a-vfprintf.o)
 .text          0x0000000000022a98        0x0 c:/intelfpga_lite/21.1/nios2eds/bin/gnu/h-x86_64-mingw32/bin/../lib/gcc/nios2-elf/10.3.1/../../../../../H-x86_64-mingw32/nios2-elf/lib\libc.a(lib_a-wsetup.o)
 .text.__swsetup_r
                0x0000000000022a98      0x164 c:/intelfpga_lite/21.1/nios2eds/bin/gnu/h-x86_64-mingw32/bin/../lib/gcc/nios2-elf/10.3.1/../../../../../H-x86_64-mingw32/nios2-elf/lib\libc.a(lib_a-wsetup.o)
                0x0000000000022a98                __swsetup_r
 .text          0x0000000000022bfc        0x0 c:/intelfpga_lite/21.1/nios2eds/bin/gnu/h-x86_64-mingw32/bin/../lib/gcc/nios2-elf/10.3.1/../../../../../H-x86_64-mingw32/nios2-elf/lib\libc.a(lib_a-dtoa.o)
 .text.quorem   0x0000000000022bfc      0x1fc c:/intelfpga_lite/21.1/nios2eds/bin/gnu/h-x86_64-mingw32/bin/../lib/gcc/nios2-elf/10.3.1/../../../../../H-x86_64-mingw32/nios2-elf/lib\libc.a(lib_a-dtoa.o)
 .text._dtoa_r  0x0000000000022df8     0x1748 c:/intelfpga_lite/21.1/nios2eds/bin/gnu/h-x86_64-mingw32/bin/../lib/gcc/nios2-elf/10.3.1/../../../../../H-x86_64-mingw32/nios2-elf/lib\libc.a(lib_a-dtoa.o)
                0x0000000000022df8                _dtoa_r
 .text          0x0000000000024540        0x0 c:/intelfpga_lite/21.1/nios2eds/bin/gnu/h-x86_64-mingw32/bin/../lib/gcc/nios2-elf/10.3.1/../../../../../H-x86_64-mingw32/nios2-elf/lib\libc.a(lib_a-fflush.o)
 .text.__sflush_r
                0x0000000000024540      0x228 c:/intelfpga_lite/21.1/nios2eds/bin/gnu/h-x86_64-mingw32/bin/../lib/gcc/nios2-elf/10.3.1/../../../../../H-x86_64-mingw32/nios2-elf/lib\libc.a(lib_a-fflush.o)
                0x0000000000024540                __sflush_r
 .text._fflush_r
                0x0000000000024768       0x60 c:/intelfpga_lite/21.1/nios2eds/bin/gnu/h-x86_64-mingw32/bin/../lib/gcc/nios2-elf/10.3.1/../../../../../H-x86_64-mingw32/nios2-elf/lib\libc.a(lib_a-fflush.o)
                0x0000000000024768                _fflush_r
 .text.fflush   0x00000000000247c8       0x84 c:/intelfpga_lite/21.1/nios2eds/bin/gnu/h-x86_64-mingw32/bin/../lib/gcc/nios2-elf/10.3.1/../../../../../H-x86_64-mingw32/nios2-elf/lib\libc.a(lib_a-fflush.o)
                0x00000000000247c8                fflush
 .text          0x000000000002484c        0x0 c:/intelfpga_lite/21.1/nios2eds/bin/gnu/h-x86_64-mingw32/bin/../lib/gcc/nios2-elf/10.3.1/../../../../../H-x86_64-mingw32/nios2-elf/lib\libc.a(lib_a-findfp.o)
 .text.__fp_lock
                0x000000000002484c        0x8 c:/intelfpga_lite/21.1/nios2eds/bin/gnu/h-x86_64-mingw32/bin/../lib/gcc/nios2-elf/10.3.1/../../../../../H-x86_64-mingw32/nios2-elf/lib\libc.a(lib_a-findfp.o)
 .text._cleanup_r
                0x0000000000024854        0xc c:/intelfpga_lite/21.1/nios2eds/bin/gnu/h-x86_64-mingw32/bin/../lib/gcc/nios2-elf/10.3.1/../../../../../H-x86_64-mingw32/nios2-elf/lib\libc.a(lib_a-findfp.o)
                0x0000000000024854                _cleanup_r
 .text.__fp_unlock
                0x0000000000024860        0x8 c:/intelfpga_lite/21.1/nios2eds/bin/gnu/h-x86_64-mingw32/bin/../lib/gcc/nios2-elf/10.3.1/../../../../../H-x86_64-mingw32/nios2-elf/lib\libc.a(lib_a-findfp.o)
 .text.__sinit.part.0
                0x0000000000024868      0x168 c:/intelfpga_lite/21.1/nios2eds/bin/gnu/h-x86_64-mingw32/bin/../lib/gcc/nios2-elf/10.3.1/../../../../../H-x86_64-mingw32/nios2-elf/lib\libc.a(lib_a-findfp.o)
 .text.__sfmoreglue
                0x00000000000249d0       0x68 c:/intelfpga_lite/21.1/nios2eds/bin/gnu/h-x86_64-mingw32/bin/../lib/gcc/nios2-elf/10.3.1/../../../../../H-x86_64-mingw32/nios2-elf/lib\libc.a(lib_a-findfp.o)
                0x00000000000249d0                __sfmoreglue
 .text.__sfp    0x0000000000024a38      0x154 c:/intelfpga_lite/21.1/nios2eds/bin/gnu/h-x86_64-mingw32/bin/../lib/gcc/nios2-elf/10.3.1/../../../../../H-x86_64-mingw32/nios2-elf/lib\libc.a(lib_a-findfp.o)
                0x0000000000024a38                __sfp
 .text._cleanup
                0x0000000000024b8c       0x14 c:/intelfpga_lite/21.1/nios2eds/bin/gnu/h-x86_64-mingw32/bin/../lib/gcc/nios2-elf/10.3.1/../../../../../H-x86_64-mingw32/nios2-elf/lib\libc.a(lib_a-findfp.o)
                0x0000000000024b8c                _cleanup
 .text.__sinit  0x0000000000024ba0       0x10 c:/intelfpga_lite/21.1/nios2eds/bin/gnu/h-x86_64-mingw32/bin/../lib/gcc/nios2-elf/10.3.1/../../../../../H-x86_64-mingw32/nios2-elf/lib\libc.a(lib_a-findfp.o)
                0x0000000000024ba0                __sinit
 .text.__sfp_lock_acquire
                0x0000000000024bb0        0x4 c:/intelfpga_lite/21.1/nios2eds/bin/gnu/h-x86_64-mingw32/bin/../lib/gcc/nios2-elf/10.3.1/../../../../../H-x86_64-mingw32/nios2-elf/lib\libc.a(lib_a-findfp.o)
                0x0000000000024bb0                __sfp_lock_acquire
 .text.__sfp_lock_release
                0x0000000000024bb4        0x4 c:/intelfpga_lite/21.1/nios2eds/bin/gnu/h-x86_64-mingw32/bin/../lib/gcc/nios2-elf/10.3.1/../../../../../H-x86_64-mingw32/nios2-elf/lib\libc.a(lib_a-findfp.o)
                0x0000000000024bb4                __sfp_lock_release
 .text.__sinit_lock_acquire
                0x0000000000024bb8        0x4 c:/intelfpga_lite/21.1/nios2eds/bin/gnu/h-x86_64-mingw32/bin/../lib/gcc/nios2-elf/10.3.1/../../../../../H-x86_64-mingw32/nios2-elf/lib\libc.a(lib_a-findfp.o)
                0x0000000000024bb8                __sinit_lock_acquire
 .text.__sinit_lock_release
                0x0000000000024bbc        0x4 c:/intelfpga_lite/21.1/nios2eds/bin/gnu/h-x86_64-mingw32/bin/../lib/gcc/nios2-elf/10.3.1/../../../../../H-x86_64-mingw32/nios2-elf/lib\libc.a(lib_a-findfp.o)
                0x0000000000024bbc                __sinit_lock_release
 .text.__fp_lock_all
                0x0000000000024bc0       0x14 c:/intelfpga_lite/21.1/nios2eds/bin/gnu/h-x86_64-mingw32/bin/../lib/gcc/nios2-elf/10.3.1/../../../../../H-x86_64-mingw32/nios2-elf/lib\libc.a(lib_a-findfp.o)
                0x0000000000024bc0                __fp_lock_all
 .text.__fp_unlock_all
                0x0000000000024bd4       0x14 c:/intelfpga_lite/21.1/nios2eds/bin/gnu/h-x86_64-mingw32/bin/../lib/gcc/nios2-elf/10.3.1/../../../../../H-x86_64-mingw32/nios2-elf/lib\libc.a(lib_a-findfp.o)
                0x0000000000024bd4                __fp_unlock_all
 .text          0x0000000000024be8        0x0 c:/intelfpga_lite/21.1/nios2eds/bin/gnu/h-x86_64-mingw32/bin/../lib/gcc/nios2-elf/10.3.1/../../../../../H-x86_64-mingw32/nios2-elf/lib\libc.a(lib_a-freer.o)
 .text._malloc_trim_r
                0x0000000000024be8      0x11c c:/intelfpga_lite/21.1/nios2eds/bin/gnu/h-x86_64-mingw32/bin/../lib/gcc/nios2-elf/10.3.1/../../../../../H-x86_64-mingw32/nios2-elf/lib\libc.a(lib_a-freer.o)
                0x0000000000024be8                _malloc_trim_r
 .text._free_r  0x0000000000024d04      0x2fc c:/intelfpga_lite/21.1/nios2eds/bin/gnu/h-x86_64-mingw32/bin/../lib/gcc/nios2-elf/10.3.1/../../../../../H-x86_64-mingw32/nios2-elf/lib\libc.a(lib_a-freer.o)
                0x0000000000024d04                _free_r
 .text          0x0000000000025000        0x0 c:/intelfpga_lite/21.1/nios2eds/bin/gnu/h-x86_64-mingw32/bin/../lib/gcc/nios2-elf/10.3.1/../../../../../H-x86_64-mingw32/nios2-elf/lib\libc.a(lib_a-fvwrite.o)
 .text.__sfvwrite_r
                0x0000000000025000      0x484 c:/intelfpga_lite/21.1/nios2eds/bin/gnu/h-x86_64-mingw32/bin/../lib/gcc/nios2-elf/10.3.1/../../../../../H-x86_64-mingw32/nios2-elf/lib\libc.a(lib_a-fvwrite.o)
                0x0000000000025000                __sfvwrite_r
 .text          0x0000000000025484        0x0 c:/intelfpga_lite/21.1/nios2eds/bin/gnu/h-x86_64-mingw32/bin/../lib/gcc/nios2-elf/10.3.1/../../../../../H-x86_64-mingw32/nios2-elf/lib\libc.a(lib_a-fwalk.o)
 .text._fwalk   0x0000000000025484       0x98 c:/intelfpga_lite/21.1/nios2eds/bin/gnu/h-x86_64-mingw32/bin/../lib/gcc/nios2-elf/10.3.1/../../../../../H-x86_64-mingw32/nios2-elf/lib\libc.a(lib_a-fwalk.o)
                0x0000000000025484                _fwalk
 .text._fwalk_reent
                0x000000000002551c       0xa8 c:/intelfpga_lite/21.1/nios2eds/bin/gnu/h-x86_64-mingw32/bin/../lib/gcc/nios2-elf/10.3.1/../../../../../H-x86_64-mingw32/nios2-elf/lib\libc.a(lib_a-fwalk.o)
                0x000000000002551c                _fwalk_reent
 .text          0x00000000000255c4        0x0 c:/intelfpga_lite/21.1/nios2eds/bin/gnu/h-x86_64-mingw32/bin/../lib/gcc/nios2-elf/10.3.1/../../../../../H-x86_64-mingw32/nios2-elf/lib\libc.a(lib_a-impure.o)
 .text          0x00000000000255c4        0x0 c:/intelfpga_lite/21.1/nios2eds/bin/gnu/h-x86_64-mingw32/bin/../lib/gcc/nios2-elf/10.3.1/../../../../../H-x86_64-mingw32/nios2-elf/lib\libc.a(lib_a-localeconv.o)
 .text.__localeconv_l
                0x00000000000255c4        0x8 c:/intelfpga_lite/21.1/nios2eds/bin/gnu/h-x86_64-mingw32/bin/../lib/gcc/nios2-elf/10.3.1/../../../../../H-x86_64-mingw32/nios2-elf/lib\libc.a(lib_a-localeconv.o)
                0x00000000000255c4                __localeconv_l
 .text._localeconv_r
                0x00000000000255cc        0xc c:/intelfpga_lite/21.1/nios2eds/bin/gnu/h-x86_64-mingw32/bin/../lib/gcc/nios2-elf/10.3.1/../../../../../H-x86_64-mingw32/nios2-elf/lib\libc.a(lib_a-localeconv.o)
                0x00000000000255cc                _localeconv_r
 .text.localeconv
                0x00000000000255d8        0xc c:/intelfpga_lite/21.1/nios2eds/bin/gnu/h-x86_64-mingw32/bin/../lib/gcc/nios2-elf/10.3.1/../../../../../H-x86_64-mingw32/nios2-elf/lib\libc.a(lib_a-localeconv.o)
                0x00000000000255d8                localeconv
 .text          0x00000000000255e4        0x0 c:/intelfpga_lite/21.1/nios2eds/bin/gnu/h-x86_64-mingw32/bin/../lib/gcc/nios2-elf/10.3.1/../../../../../H-x86_64-mingw32/nios2-elf/lib\libc.a(lib_a-makebuf.o)
 .text.__smakebuf_r
                0x00000000000255e4      0x1b0 c:/intelfpga_lite/21.1/nios2eds/bin/gnu/h-x86_64-mingw32/bin/../lib/gcc/nios2-elf/10.3.1/../../../../../H-x86_64-mingw32/nios2-elf/lib\libc.a(lib_a-makebuf.o)
                0x00000000000255e4                __smakebuf_r
 .text.__swhatbuf_r
                0x0000000000025794       0x98 c:/intelfpga_lite/21.1/nios2eds/bin/gnu/h-x86_64-mingw32/bin/../lib/gcc/nios2-elf/10.3.1/../../../../../H-x86_64-mingw32/nios2-elf/lib\libc.a(lib_a-makebuf.o)
                0x0000000000025794                __swhatbuf_r
 .text          0x000000000002582c        0x0 c:/intelfpga_lite/21.1/nios2eds/bin/gnu/h-x86_64-mingw32/bin/../lib/gcc/nios2-elf/10.3.1/../../../../../H-x86_64-mingw32/nios2-elf/lib\libc.a(lib_a-mallocr.o)
 .text._malloc_r
                0x000000000002582c      0x7e0 c:/intelfpga_lite/21.1/nios2eds/bin/gnu/h-x86_64-mingw32/bin/../lib/gcc/nios2-elf/10.3.1/../../../../../H-x86_64-mingw32/nios2-elf/lib\libc.a(lib_a-mallocr.o)
                0x000000000002582c                _malloc_r
 .text          0x000000000002600c        0x0 c:/intelfpga_lite/21.1/nios2eds/bin/gnu/h-x86_64-mingw32/bin/../lib/gcc/nios2-elf/10.3.1/../../../../../H-x86_64-mingw32/nios2-elf/lib\libc.a(lib_a-memchr.o)
 .text.memchr   0x000000000002600c       0xd0 c:/intelfpga_lite/21.1/nios2eds/bin/gnu/h-x86_64-mingw32/bin/../lib/gcc/nios2-elf/10.3.1/../../../../../H-x86_64-mingw32/nios2-elf/lib\libc.a(lib_a-memchr.o)
                0x000000000002600c                memchr
 .text          0x00000000000260dc        0x0 c:/intelfpga_lite/21.1/nios2eds/bin/gnu/h-x86_64-mingw32/bin/../lib/gcc/nios2-elf/10.3.1/../../../../../H-x86_64-mingw32/nios2-elf/lib\libc.a(lib_a-memcpy.o)
 .text.memcpy   0x00000000000260dc      0x100 c:/intelfpga_lite/21.1/nios2eds/bin/gnu/h-x86_64-mingw32/bin/../lib/gcc/nios2-elf/10.3.1/../../../../../H-x86_64-mingw32/nios2-elf/lib\libc.a(lib_a-memcpy.o)
                0x00000000000260dc                memcpy
 .text          0x00000000000261dc        0x0 c:/intelfpga_lite/21.1/nios2eds/bin/gnu/h-x86_64-mingw32/bin/../lib/gcc/nios2-elf/10.3.1/../../../../../H-x86_64-mingw32/nios2-elf/lib\libc.a(lib_a-memmove.o)
 .text.memmove  0x00000000000261dc      0x12c c:/intelfpga_lite/21.1/nios2eds/bin/gnu/h-x86_64-mingw32/bin/../lib/gcc/nios2-elf/10.3.1/../../../../../H-x86_64-mingw32/nios2-elf/lib\libc.a(lib_a-memmove.o)
                0x00000000000261dc                memmove
 .text          0x0000000000026308        0x0 c:/intelfpga_lite/21.1/nios2eds/bin/gnu/h-x86_64-mingw32/bin/../lib/gcc/nios2-elf/10.3.1/../../../../../H-x86_64-mingw32/nios2-elf/lib\libc.a(lib_a-memset.o)
 .text.memset   0x0000000000026308       0xf0 c:/intelfpga_lite/21.1/nios2eds/bin/gnu/h-x86_64-mingw32/bin/../lib/gcc/nios2-elf/10.3.1/../../../../../H-x86_64-mingw32/nios2-elf/lib\libc.a(lib_a-memset.o)
                0x0000000000026308                memset
 .text          0x00000000000263f8        0x0 c:/intelfpga_lite/21.1/nios2eds/bin/gnu/h-x86_64-mingw32/bin/../lib/gcc/nios2-elf/10.3.1/../../../../../H-x86_64-mingw32/nios2-elf/lib\libc.a(lib_a-mprec.o)
 .text._Balloc  0x00000000000263f8       0xa4 c:/intelfpga_lite/21.1/nios2eds/bin/gnu/h-x86_64-mingw32/bin/../lib/gcc/nios2-elf/10.3.1/../../../../../H-x86_64-mingw32/nios2-elf/lib\libc.a(lib_a-mprec.o)
                0x00000000000263f8                _Balloc
 .text._Bfree   0x000000000002649c       0x24 c:/intelfpga_lite/21.1/nios2eds/bin/gnu/h-x86_64-mingw32/bin/../lib/gcc/nios2-elf/10.3.1/../../../../../H-x86_64-mingw32/nios2-elf/lib\libc.a(lib_a-mprec.o)
                0x000000000002649c                _Bfree
 .text.__multadd
                0x00000000000264c0      0x138 c:/intelfpga_lite/21.1/nios2eds/bin/gnu/h-x86_64-mingw32/bin/../lib/gcc/nios2-elf/10.3.1/../../../../../H-x86_64-mingw32/nios2-elf/lib\libc.a(lib_a-mprec.o)
                0x00000000000264c0                __multadd
 .text.__s2b    0x00000000000265f8      0x138 c:/intelfpga_lite/21.1/nios2eds/bin/gnu/h-x86_64-mingw32/bin/../lib/gcc/nios2-elf/10.3.1/../../../../../H-x86_64-mingw32/nios2-elf/lib\libc.a(lib_a-mprec.o)
                0x00000000000265f8                __s2b
 .text.__hi0bits
                0x0000000000026730       0x64 c:/intelfpga_lite/21.1/nios2eds/bin/gnu/h-x86_64-mingw32/bin/../lib/gcc/nios2-elf/10.3.1/../../../../../H-x86_64-mingw32/nios2-elf/lib\libc.a(lib_a-mprec.o)
                0x0000000000026730                __hi0bits
 .text.__lo0bits
                0x0000000000026794       0xb0 c:/intelfpga_lite/21.1/nios2eds/bin/gnu/h-x86_64-mingw32/bin/../lib/gcc/nios2-elf/10.3.1/../../../../../H-x86_64-mingw32/nios2-elf/lib\libc.a(lib_a-mprec.o)
                0x0000000000026794                __lo0bits
 .text.__i2b    0x0000000000026844       0xb0 c:/intelfpga_lite/21.1/nios2eds/bin/gnu/h-x86_64-mingw32/bin/../lib/gcc/nios2-elf/10.3.1/../../../../../H-x86_64-mingw32/nios2-elf/lib\libc.a(lib_a-mprec.o)
                0x0000000000026844                __i2b
 .text.__multiply
                0x00000000000268f4      0x254 c:/intelfpga_lite/21.1/nios2eds/bin/gnu/h-x86_64-mingw32/bin/../lib/gcc/nios2-elf/10.3.1/../../../../../H-x86_64-mingw32/nios2-elf/lib\libc.a(lib_a-mprec.o)
                0x00000000000268f4                __multiply
 .text.__pow5mult
                0x0000000000026b48      0x148 c:/intelfpga_lite/21.1/nios2eds/bin/gnu/h-x86_64-mingw32/bin/../lib/gcc/nios2-elf/10.3.1/../../../../../H-x86_64-mingw32/nios2-elf/lib\libc.a(lib_a-mprec.o)
                0x0000000000026b48                __pow5mult
 .text.__lshift
                0x0000000000026c90      0x188 c:/intelfpga_lite/21.1/nios2eds/bin/gnu/h-x86_64-mingw32/bin/../lib/gcc/nios2-elf/10.3.1/../../../../../H-x86_64-mingw32/nios2-elf/lib\libc.a(lib_a-mprec.o)
                0x0000000000026c90                __lshift
 .text.__mcmp   0x0000000000026e18       0x58 c:/intelfpga_lite/21.1/nios2eds/bin/gnu/h-x86_64-mingw32/bin/../lib/gcc/nios2-elf/10.3.1/../../../../../H-x86_64-mingw32/nios2-elf/lib\libc.a(lib_a-mprec.o)
                0x0000000000026e18                __mcmp
 .text.__mdiff  0x0000000000026e70      0x22c c:/intelfpga_lite/21.1/nios2eds/bin/gnu/h-x86_64-mingw32/bin/../lib/gcc/nios2-elf/10.3.1/../../../../../H-x86_64-mingw32/nios2-elf/lib\libc.a(lib_a-mprec.o)
                0x0000000000026e70                __mdiff
 .text.__ulp    0x000000000002709c       0x5c c:/intelfpga_lite/21.1/nios2eds/bin/gnu/h-x86_64-mingw32/bin/../lib/gcc/nios2-elf/10.3.1/../../../../../H-x86_64-mingw32/nios2-elf/lib\libc.a(lib_a-mprec.o)
                0x000000000002709c                __ulp
 .text.__b2d    0x00000000000270f8      0x108 c:/intelfpga_lite/21.1/nios2eds/bin/gnu/h-x86_64-mingw32/bin/../lib/gcc/nios2-elf/10.3.1/../../../../../H-x86_64-mingw32/nios2-elf/lib\libc.a(lib_a-mprec.o)
                0x00000000000270f8                __b2d
 .text.__d2b    0x0000000000027200      0x164 c:/intelfpga_lite/21.1/nios2eds/bin/gnu/h-x86_64-mingw32/bin/../lib/gcc/nios2-elf/10.3.1/../../../../../H-x86_64-mingw32/nios2-elf/lib\libc.a(lib_a-mprec.o)
                0x0000000000027200                __d2b
 .text.__ratio  0x0000000000027364       0xa8 c:/intelfpga_lite/21.1/nios2eds/bin/gnu/h-x86_64-mingw32/bin/../lib/gcc/nios2-elf/10.3.1/../../../../../H-x86_64-mingw32/nios2-elf/lib\libc.a(lib_a-mprec.o)
                0x0000000000027364                __ratio
 .text._mprec_log10
                0x000000000002740c       0x70 c:/intelfpga_lite/21.1/nios2eds/bin/gnu/h-x86_64-mingw32/bin/../lib/gcc/nios2-elf/10.3.1/../../../../../H-x86_64-mingw32/nios2-elf/lib\libc.a(lib_a-mprec.o)
                0x000000000002740c                _mprec_log10
 .text.__copybits
                0x000000000002747c       0x7c c:/intelfpga_lite/21.1/nios2eds/bin/gnu/h-x86_64-mingw32/bin/../lib/gcc/nios2-elf/10.3.1/../../../../../H-x86_64-mingw32/nios2-elf/lib\libc.a(lib_a-mprec.o)
                0x000000000002747c                __copybits
 .text.__any_on
                0x00000000000274f8       0x60 c:/intelfpga_lite/21.1/nios2eds/bin/gnu/h-x86_64-mingw32/bin/../lib/gcc/nios2-elf/10.3.1/../../../../../H-x86_64-mingw32/nios2-elf/lib\libc.a(lib_a-mprec.o)
                0x00000000000274f8                __any_on
 .text          0x0000000000027558        0x0 c:/intelfpga_lite/21.1/nios2eds/bin/gnu/h-x86_64-mingw32/bin/../lib/gcc/nios2-elf/10.3.1/../../../../../H-x86_64-mingw32/nios2-elf/lib\libc.a(lib_a-putc.o)
 .text._putc_r  0x0000000000027558       0xcc c:/intelfpga_lite/21.1/nios2eds/bin/gnu/h-x86_64-mingw32/bin/../lib/gcc/nios2-elf/10.3.1/../../../../../H-x86_64-mingw32/nios2-elf/lib\libc.a(lib_a-putc.o)
                0x0000000000027558                _putc_r
 .text.putc     0x0000000000027624       0xe0 c:/intelfpga_lite/21.1/nios2eds/bin/gnu/h-x86_64-mingw32/bin/../lib/gcc/nios2-elf/10.3.1/../../../../../H-x86_64-mingw32/nios2-elf/lib\libc.a(lib_a-putc.o)
                0x0000000000027624                putc
 .text          0x0000000000027704        0x0 c:/intelfpga_lite/21.1/nios2eds/bin/gnu/h-x86_64-mingw32/bin/../lib/gcc/nios2-elf/10.3.1/../../../../../H-x86_64-mingw32/nios2-elf/lib\libc.a(lib_a-reallocr.o)
 .text._realloc_r
                0x0000000000027704      0x53c c:/intelfpga_lite/21.1/nios2eds/bin/gnu/h-x86_64-mingw32/bin/../lib/gcc/nios2-elf/10.3.1/../../../../../H-x86_64-mingw32/nios2-elf/lib\libc.a(lib_a-reallocr.o)
                0x0000000000027704                _realloc_r
 .text          0x0000000000027c40        0x0 c:/intelfpga_lite/21.1/nios2eds/bin/gnu/h-x86_64-mingw32/bin/../lib/gcc/nios2-elf/10.3.1/../../../../../H-x86_64-mingw32/nios2-elf/lib\libc.a(lib_a-sbrkr.o)
 .text._sbrk_r  0x0000000000027c40       0x58 c:/intelfpga_lite/21.1/nios2eds/bin/gnu/h-x86_64-mingw32/bin/../lib/gcc/nios2-elf/10.3.1/../../../../../H-x86_64-mingw32/nios2-elf/lib\libc.a(lib_a-sbrkr.o)
                0x0000000000027c40                _sbrk_r
 .text          0x0000000000027c98        0x0 c:/intelfpga_lite/21.1/nios2eds/bin/gnu/h-x86_64-mingw32/bin/../lib/gcc/nios2-elf/10.3.1/../../../../../H-x86_64-mingw32/nios2-elf/lib\libc.a(lib_a-stdio.o)
 .text.__sread  0x0000000000027c98       0x54 c:/intelfpga_lite/21.1/nios2eds/bin/gnu/h-x86_64-mingw32/bin/../lib/gcc/nios2-elf/10.3.1/../../../../../H-x86_64-mingw32/nios2-elf/lib\libc.a(lib_a-stdio.o)
                0x0000000000027c98                __sread
 .text.__seofread
                0x0000000000027cec        0x8 c:/intelfpga_lite/21.1/nios2eds/bin/gnu/h-x86_64-mingw32/bin/../lib/gcc/nios2-elf/10.3.1/../../../../../H-x86_64-mingw32/nios2-elf/lib\libc.a(lib_a-stdio.o)
                0x0000000000027cec                __seofread
 .text.__swrite
                0x0000000000027cf4       0x80 c:/intelfpga_lite/21.1/nios2eds/bin/gnu/h-x86_64-mingw32/bin/../lib/gcc/nios2-elf/10.3.1/../../../../../H-x86_64-mingw32/nios2-elf/lib\libc.a(lib_a-stdio.o)
                0x0000000000027cf4                __swrite
 .text.__sseek  0x0000000000027d74       0x5c c:/intelfpga_lite/21.1/nios2eds/bin/gnu/h-x86_64-mingw32/bin/../lib/gcc/nios2-elf/10.3.1/../../../../../H-x86_64-mingw32/nios2-elf/lib\libc.a(lib_a-stdio.o)
                0x0000000000027d74                __sseek
 .text.__sclose
                0x0000000000027dd0        0x8 c:/intelfpga_lite/21.1/nios2eds/bin/gnu/h-x86_64-mingw32/bin/../lib/gcc/nios2-elf/10.3.1/../../../../../H-x86_64-mingw32/nios2-elf/lib\libc.a(lib_a-stdio.o)
                0x0000000000027dd0                __sclose
 .text          0x0000000000027dd8        0x0 c:/intelfpga_lite/21.1/nios2eds/bin/gnu/h-x86_64-mingw32/bin/../lib/gcc/nios2-elf/10.3.1/../../../../../H-x86_64-mingw32/nios2-elf/lib\libc.a(lib_a-vfiprintf.o)
 .text.__sprint_r.part.0
                0x0000000000027dd8       0xf4 c:/intelfpga_lite/21.1/nios2eds/bin/gnu/h-x86_64-mingw32/bin/../lib/gcc/nios2-elf/10.3.1/../../../../../H-x86_64-mingw32/nios2-elf/lib\libc.a(lib_a-vfiprintf.o)
 .text.__sprint_r
                0x0000000000027ecc       0x18 c:/intelfpga_lite/21.1/nios2eds/bin/gnu/h-x86_64-mingw32/bin/../lib/gcc/nios2-elf/10.3.1/../../../../../H-x86_64-mingw32/nios2-elf/lib\libc.a(lib_a-vfiprintf.o)
                0x0000000000027ecc                __sprint_r
 .text.___vfiprintf_internal_r
                0x0000000000027ee4     0x1250 c:/intelfpga_lite/21.1/nios2eds/bin/gnu/h-x86_64-mingw32/bin/../lib/gcc/nios2-elf/10.3.1/../../../../../H-x86_64-mingw32/nios2-elf/lib\libc.a(lib_a-vfiprintf.o)
                0x0000000000027ee4                ___vfiprintf_internal_r
 .text.__vfiprintf_internal
                0x0000000000029134       0x1c c:/intelfpga_lite/21.1/nios2eds/bin/gnu/h-x86_64-mingw32/bin/../lib/gcc/nios2-elf/10.3.1/../../../../../H-x86_64-mingw32/nios2-elf/lib\libc.a(lib_a-vfiprintf.o)
                0x0000000000029134                __vfiprintf_internal
 .text.__sbprintf
                0x0000000000029150       0xc0 c:/intelfpga_lite/21.1/nios2eds/bin/gnu/h-x86_64-mingw32/bin/../lib/gcc/nios2-elf/10.3.1/../../../../../H-x86_64-mingw32/nios2-elf/lib\libc.a(lib_a-vfiprintf.o)
 .text          0x0000000000029210        0x0 c:/intelfpga_lite/21.1/nios2eds/bin/gnu/h-x86_64-mingw32/bin/../lib/gcc/nios2-elf/10.3.1/../../../../../H-x86_64-mingw32/nios2-elf/lib\libc.a(lib_a-wbuf.o)
 .text.__swbuf_r
                0x0000000000029210      0x148 c:/intelfpga_lite/21.1/nios2eds/bin/gnu/h-x86_64-mingw32/bin/../lib/gcc/nios2-elf/10.3.1/../../../../../H-x86_64-mingw32/nios2-elf/lib\libc.a(lib_a-wbuf.o)
                0x0000000000029210                __swbuf_r
 .text.__swbuf  0x0000000000029358       0x18 c:/intelfpga_lite/21.1/nios2eds/bin/gnu/h-x86_64-mingw32/bin/../lib/gcc/nios2-elf/10.3.1/../../../../../H-x86_64-mingw32/nios2-elf/lib\libc.a(lib_a-wbuf.o)
                0x0000000000029358                __swbuf
 .text          0x0000000000029370        0x0 c:/intelfpga_lite/21.1/nios2eds/bin/gnu/h-x86_64-mingw32/bin/../lib/gcc/nios2-elf/10.3.1/../../../../../H-x86_64-mingw32/nios2-elf/lib\libc.a(lib_a-writer.o)
 .text._write_r
                0x0000000000029370       0x64 c:/intelfpga_lite/21.1/nios2eds/bin/gnu/h-x86_64-mingw32/bin/../lib/gcc/nios2-elf/10.3.1/../../../../../H-x86_64-mingw32/nios2-elf/lib\libc.a(lib_a-writer.o)
                0x0000000000029370                _write_r
 .text          0x00000000000293d4        0x0 c:/intelfpga_lite/21.1/nios2eds/bin/gnu/h-x86_64-mingw32/bin/../lib/gcc/nios2-elf/10.3.1/../../../../../H-x86_64-mingw32/nios2-elf/lib\libc.a(closer.o)
 .text._close_r
                0x00000000000293d4       0x58 c:/intelfpga_lite/21.1/nios2eds/bin/gnu/h-x86_64-mingw32/bin/../lib/gcc/nios2-elf/10.3.1/../../../../../H-x86_64-mingw32/nios2-elf/lib\libc.a(closer.o)
                0x00000000000293d4                _close_r
 .text          0x000000000002942c        0x0 c:/intelfpga_lite/21.1/nios2eds/bin/gnu/h-x86_64-mingw32/bin/../lib/gcc/nios2-elf/10.3.1/../../../../../H-x86_64-mingw32/nios2-elf/lib\libc.a(lib_a-assert.o)
 .text.__assert_func
                0x000000000002942c       0x64 c:/intelfpga_lite/21.1/nios2eds/bin/gnu/h-x86_64-mingw32/bin/../lib/gcc/nios2-elf/10.3.1/../../../../../H-x86_64-mingw32/nios2-elf/lib\libc.a(lib_a-assert.o)
                0x000000000002942c                __assert_func
 .text.__assert
                0x0000000000029490       0x14 c:/intelfpga_lite/21.1/nios2eds/bin/gnu/h-x86_64-mingw32/bin/../lib/gcc/nios2-elf/10.3.1/../../../../../H-x86_64-mingw32/nios2-elf/lib\libc.a(lib_a-assert.o)
                0x0000000000029490                __assert
 .text          0x00000000000294a4        0x0 c:/intelfpga_lite/21.1/nios2eds/bin/gnu/h-x86_64-mingw32/bin/../lib/gcc/nios2-elf/10.3.1/../../../../../H-x86_64-mingw32/nios2-elf/lib\libc.a(lib_a-callocr.o)
 .text._calloc_r
                0x00000000000294a4      0x12c c:/intelfpga_lite/21.1/nios2eds/bin/gnu/h-x86_64-mingw32/bin/../lib/gcc/nios2-elf/10.3.1/../../../../../H-x86_64-mingw32/nios2-elf/lib\libc.a(lib_a-callocr.o)
                0x00000000000294a4                _calloc_r
 .text          0x00000000000295d0        0x0 c:/intelfpga_lite/21.1/nios2eds/bin/gnu/h-x86_64-mingw32/bin/../lib/gcc/nios2-elf/10.3.1/../../../../../H-x86_64-mingw32/nios2-elf/lib\libc.a(lib_a-errno.o)
 .text.__errno  0x00000000000295d0        0xc c:/intelfpga_lite/21.1/nios2eds/bin/gnu/h-x86_64-mingw32/bin/../lib/gcc/nios2-elf/10.3.1/../../../../../H-x86_64-mingw32/nios2-elf/lib\libc.a(lib_a-errno.o)
                0x00000000000295d0                __errno
 .text          0x00000000000295dc        0x0 c:/intelfpga_lite/21.1/nios2eds/bin/gnu/h-x86_64-mingw32/bin/../lib/gcc/nios2-elf/10.3.1/../../../../../H-x86_64-mingw32/nios2-elf/lib\libc.a(lib_a-fclose.o)
 .text._fclose_r.part.0
                0x00000000000295dc       0xc0 c:/intelfpga_lite/21.1/nios2eds/bin/gnu/h-x86_64-mingw32/bin/../lib/gcc/nios2-elf/10.3.1/../../../../../H-x86_64-mingw32/nios2-elf/lib\libc.a(lib_a-fclose.o)
 .text._fclose_r
                0x000000000002969c       0x70 c:/intelfpga_lite/21.1/nios2eds/bin/gnu/h-x86_64-mingw32/bin/../lib/gcc/nios2-elf/10.3.1/../../../../../H-x86_64-mingw32/nios2-elf/lib\libc.a(lib_a-fclose.o)
                0x000000000002969c                _fclose_r
 .text.fclose   0x000000000002970c       0x70 c:/intelfpga_lite/21.1/nios2eds/bin/gnu/h-x86_64-mingw32/bin/../lib/gcc/nios2-elf/10.3.1/../../../../../H-x86_64-mingw32/nios2-elf/lib\libc.a(lib_a-fclose.o)
                0x000000000002970c                fclose
 .text          0x000000000002977c        0x0 c:/intelfpga_lite/21.1/nios2eds/bin/gnu/h-x86_64-mingw32/bin/../lib/gcc/nios2-elf/10.3.1/../../../../../H-x86_64-mingw32/nios2-elf/lib\libc.a(lib_a-fiprintf.o)
 .text._fiprintf_r
                0x000000000002977c       0x20 c:/intelfpga_lite/21.1/nios2eds/bin/gnu/h-x86_64-mingw32/bin/../lib/gcc/nios2-elf/10.3.1/../../../../../H-x86_64-mingw32/nios2-elf/lib\libc.a(lib_a-fiprintf.o)
                0x000000000002977c                _fiprintf_r
 .text.fiprintf
                0x000000000002979c       0x38 c:/intelfpga_lite/21.1/nios2eds/bin/gnu/h-x86_64-mingw32/bin/../lib/gcc/nios2-elf/10.3.1/../../../../../H-x86_64-mingw32/nios2-elf/lib\libc.a(lib_a-fiprintf.o)
                0x000000000002979c                fiprintf
 .text          0x00000000000297d4        0x0 c:/intelfpga_lite/21.1/nios2eds/bin/gnu/h-x86_64-mingw32/bin/../lib/gcc/nios2-elf/10.3.1/../../../../../H-x86_64-mingw32/nios2-elf/lib\libc.a(lib_a-fputwc.o)
 .text.__fputwc
                0x00000000000297d4      0x164 c:/intelfpga_lite/21.1/nios2eds/bin/gnu/h-x86_64-mingw32/bin/../lib/gcc/nios2-elf/10.3.1/../../../../../H-x86_64-mingw32/nios2-elf/lib\libc.a(lib_a-fputwc.o)
                0x00000000000297d4                __fputwc
 .text._fputwc_r
                0x0000000000029938       0x24 c:/intelfpga_lite/21.1/nios2eds/bin/gnu/h-x86_64-mingw32/bin/../lib/gcc/nios2-elf/10.3.1/../../../../../H-x86_64-mingw32/nios2-elf/lib\libc.a(lib_a-fputwc.o)
                0x0000000000029938                _fputwc_r
 .text.fputwc   0x000000000002995c       0x78 c:/intelfpga_lite/21.1/nios2eds/bin/gnu/h-x86_64-mingw32/bin/../lib/gcc/nios2-elf/10.3.1/../../../../../H-x86_64-mingw32/nios2-elf/lib\libc.a(lib_a-fputwc.o)
                0x000000000002995c                fputwc
 .text          0x00000000000299d4        0x0 c:/intelfpga_lite/21.1/nios2eds/bin/gnu/h-x86_64-mingw32/bin/../lib/gcc/nios2-elf/10.3.1/../../../../../H-x86_64-mingw32/nios2-elf/lib\libc.a(lib_a-fstatr.o)
 .text._fstat_r
                0x00000000000299d4       0x60 c:/intelfpga_lite/21.1/nios2eds/bin/gnu/h-x86_64-mingw32/bin/../lib/gcc/nios2-elf/10.3.1/../../../../../H-x86_64-mingw32/nios2-elf/lib\libc.a(lib_a-fstatr.o)
                0x00000000000299d4                _fstat_r
 .text          0x0000000000029a34        0x0 c:/intelfpga_lite/21.1/nios2eds/bin/gnu/h-x86_64-mingw32/bin/../lib/gcc/nios2-elf/10.3.1/../../../../../H-x86_64-mingw32/nios2-elf/lib\libc.a(lib_a-int_errno.o)
 .text          0x0000000000029a34        0x0 c:/intelfpga_lite/21.1/nios2eds/bin/gnu/h-x86_64-mingw32/bin/../lib/gcc/nios2-elf/10.3.1/../../../../../H-x86_64-mingw32/nios2-elf/lib\libc.a(lib_a-isattyr.o)
 .text._isatty_r
                0x0000000000029a34       0x58 c:/intelfpga_lite/21.1/nios2eds/bin/gnu/h-x86_64-mingw32/bin/../lib/gcc/nios2-elf/10.3.1/../../../../../H-x86_64-mingw32/nios2-elf/lib\libc.a(lib_a-isattyr.o)
                0x0000000000029a34                _isatty_r
 .text          0x0000000000029a8c        0x0 c:/intelfpga_lite/21.1/nios2eds/bin/gnu/h-x86_64-mingw32/bin/../lib/gcc/nios2-elf/10.3.1/../../../../../H-x86_64-mingw32/nios2-elf/lib\libc.a(lib_a-locale.o)
 .text._setlocale_r
                0x0000000000029a8c       0x74 c:/intelfpga_lite/21.1/nios2eds/bin/gnu/h-x86_64-mingw32/bin/../lib/gcc/nios2-elf/10.3.1/../../../../../H-x86_64-mingw32/nios2-elf/lib\libc.a(lib_a-locale.o)
                0x0000000000029a8c                _setlocale_r
 .text.__locale_mb_cur_max
                0x0000000000029b00        0xc c:/intelfpga_lite/21.1/nios2eds/bin/gnu/h-x86_64-mingw32/bin/../lib/gcc/nios2-elf/10.3.1/../../../../../H-x86_64-mingw32/nios2-elf/lib\libc.a(lib_a-locale.o)
                0x0000000000029b00                __locale_mb_cur_max
 .text.setlocale
                0x0000000000029b0c       0x74 c:/intelfpga_lite/21.1/nios2eds/bin/gnu/h-x86_64-mingw32/bin/../lib/gcc/nios2-elf/10.3.1/../../../../../H-x86_64-mingw32/nios2-elf/lib\libc.a(lib_a-locale.o)
                0x0000000000029b0c                setlocale
 .text          0x0000000000029b80        0x0 c:/intelfpga_lite/21.1/nios2eds/bin/gnu/h-x86_64-mingw32/bin/../lib/gcc/nios2-elf/10.3.1/../../../../../H-x86_64-mingw32/nios2-elf/lib\libc.a(lib_a-lseekr.o)
 .text._lseek_r
                0x0000000000029b80       0x64 c:/intelfpga_lite/21.1/nios2eds/bin/gnu/h-x86_64-mingw32/bin/../lib/gcc/nios2-elf/10.3.1/../../../../../H-x86_64-mingw32/nios2-elf/lib\libc.a(lib_a-lseekr.o)
                0x0000000000029b80                _lseek_r
 .text          0x0000000000029be4        0x0 c:/intelfpga_lite/21.1/nios2eds/bin/gnu/h-x86_64-mingw32/bin/../lib/gcc/nios2-elf/10.3.1/../../../../../H-x86_64-mingw32/nios2-elf/lib\libc.a(lib_a-mbtowc_r.o)
 .text._mbtowc_r
                0x0000000000029be4        0xc c:/intelfpga_lite/21.1/nios2eds/bin/gnu/h-x86_64-mingw32/bin/../lib/gcc/nios2-elf/10.3.1/../../../../../H-x86_64-mingw32/nios2-elf/lib\libc.a(lib_a-mbtowc_r.o)
                0x0000000000029be4                _mbtowc_r
 .text.__ascii_mbtowc
                0x0000000000029bf0       0x44 c:/intelfpga_lite/21.1/nios2eds/bin/gnu/h-x86_64-mingw32/bin/../lib/gcc/nios2-elf/10.3.1/../../../../../H-x86_64-mingw32/nios2-elf/lib\libc.a(lib_a-mbtowc_r.o)
                0x0000000000029bf0                __ascii_mbtowc
 .text          0x0000000000029c34        0x0 c:/intelfpga_lite/21.1/nios2eds/bin/gnu/h-x86_64-mingw32/bin/../lib/gcc/nios2-elf/10.3.1/../../../../../H-x86_64-mingw32/nios2-elf/lib\libc.a(lib_a-readr.o)
 .text._read_r  0x0000000000029c34       0x64 c:/intelfpga_lite/21.1/nios2eds/bin/gnu/h-x86_64-mingw32/bin/../lib/gcc/nios2-elf/10.3.1/../../../../../H-x86_64-mingw32/nios2-elf/lib\libc.a(lib_a-readr.o)
                0x0000000000029c34                _read_r
 .text          0x0000000000029c98        0x0 c:/intelfpga_lite/21.1/nios2eds/bin/gnu/h-x86_64-mingw32/bin/../lib/gcc/nios2-elf/10.3.1/../../../../../H-x86_64-mingw32/nios2-elf/lib\libc.a(lib_a-strcmp.o)
 .text.strcmp   0x0000000000029c98       0xb8 c:/intelfpga_lite/21.1/nios2eds/bin/gnu/h-x86_64-mingw32/bin/../lib/gcc/nios2-elf/10.3.1/../../../../../H-x86_64-mingw32/nios2-elf/lib\libc.a(lib_a-strcmp.o)
                0x0000000000029c98                strcmp
 .text          0x0000000000029d50        0x0 c:/intelfpga_lite/21.1/nios2eds/bin/gnu/h-x86_64-mingw32/bin/../lib/gcc/nios2-elf/10.3.1/../../../../../H-x86_64-mingw32/nios2-elf/lib\libc.a(lib_a-vfiprintfr_1.o)
 .text._vfiprintf_r
                0x0000000000029d50        0x4 c:/intelfpga_lite/21.1/nios2eds/bin/gnu/h-x86_64-mingw32/bin/../lib/gcc/nios2-elf/10.3.1/../../../../../H-x86_64-mingw32/nios2-elf/lib\libc.a(lib_a-vfiprintfr_1.o)
                0x0000000000029d50                _vfiprintf_r
 .text          0x0000000000029d54        0x0 c:/intelfpga_lite/21.1/nios2eds/bin/gnu/h-x86_64-mingw32/bin/../lib/gcc/nios2-elf/10.3.1/../../../../../H-x86_64-mingw32/nios2-elf/lib\libc.a(lib_a-wcrtomb.o)
 .text._wcrtomb_r
                0x0000000000029d54       0x6c c:/intelfpga_lite/21.1/nios2eds/bin/gnu/h-x86_64-mingw32/bin/../lib/gcc/nios2-elf/10.3.1/../../../../../H-x86_64-mingw32/nios2-elf/lib\libc.a(lib_a-wcrtomb.o)
                0x0000000000029d54                _wcrtomb_r
 .text.wcrtomb  0x0000000000029dc0       0x88 c:/intelfpga_lite/21.1/nios2eds/bin/gnu/h-x86_64-mingw32/bin/../lib/gcc/nios2-elf/10.3.1/../../../../../H-x86_64-mingw32/nios2-elf/lib\libc.a(lib_a-wcrtomb.o)
                0x0000000000029dc0                wcrtomb
 .text          0x0000000000029e48        0x0 c:/intelfpga_lite/21.1/nios2eds/bin/gnu/h-x86_64-mingw32/bin/../lib/gcc/nios2-elf/10.3.1/../../../../../H-x86_64-mingw32/nios2-elf/lib\libc.a(lib_a-wctomb_r.o)
 .text._wctomb_r
                0x0000000000029e48        0xc c:/intelfpga_lite/21.1/nios2eds/bin/gnu/h-x86_64-mingw32/bin/../lib/gcc/nios2-elf/10.3.1/../../../../../H-x86_64-mingw32/nios2-elf/lib\libc.a(lib_a-wctomb_r.o)
                0x0000000000029e48                _wctomb_r
 .text.__ascii_wctomb
                0x0000000000029e54       0x30 c:/intelfpga_lite/21.1/nios2eds/bin/gnu/h-x86_64-mingw32/bin/../lib/gcc/nios2-elf/10.3.1/../../../../../H-x86_64-mingw32/nios2-elf/lib\libc.a(lib_a-wctomb_r.o)
                0x0000000000029e54                __ascii_wctomb
 .text          0x0000000000029e84        0x0 c:/intelfpga_lite/21.1/nios2eds/bin/gnu/h-x86_64-mingw32/bin/../lib/gcc/nios2-elf/10.3.1/../../../../../H-x86_64-mingw32/nios2-elf/lib\libc.a(lib_a-abort.o)
 .text.unlikely.abort
                0x0000000000029e84       0x18 c:/intelfpga_lite/21.1/nios2eds/bin/gnu/h-x86_64-mingw32/bin/../lib/gcc/nios2-elf/10.3.1/../../../../../H-x86_64-mingw32/nios2-elf/lib\libc.a(lib_a-abort.o)
                0x0000000000029e84                abort
 .text          0x0000000000029e9c        0x0 c:/intelfpga_lite/21.1/nios2eds/bin/gnu/h-x86_64-mingw32/bin/../lib/gcc/nios2-elf/10.3.1/../../../../../H-x86_64-mingw32/nios2-elf/lib\libc.a(lib_a-ctype_.o)
 .text          0x0000000000029e9c        0x0 c:/intelfpga_lite/21.1/nios2eds/bin/gnu/h-x86_64-mingw32/bin/../lib/gcc/nios2-elf/10.3.1/../../../../../H-x86_64-mingw32/nios2-elf/lib\libc.a(lib_a-signal.o)
 .text._init_signal_r
                0x0000000000029e9c       0x5c c:/intelfpga_lite/21.1/nios2eds/bin/gnu/h-x86_64-mingw32/bin/../lib/gcc/nios2-elf/10.3.1/../../../../../H-x86_64-mingw32/nios2-elf/lib\libc.a(lib_a-signal.o)
                0x0000000000029e9c                _init_signal_r
 .text._signal_r
                0x0000000000029ef8       0x98 c:/intelfpga_lite/21.1/nios2eds/bin/gnu/h-x86_64-mingw32/bin/../lib/gcc/nios2-elf/10.3.1/../../../../../H-x86_64-mingw32/nios2-elf/lib\libc.a(lib_a-signal.o)
                0x0000000000029ef8                _signal_r
 .text._raise_r
                0x0000000000029f90       0xc4 c:/intelfpga_lite/21.1/nios2eds/bin/gnu/h-x86_64-mingw32/bin/../lib/gcc/nios2-elf/10.3.1/../../../../../H-x86_64-mingw32/nios2-elf/lib\libc.a(lib_a-signal.o)
                0x0000000000029f90                _raise_r
 .text.__sigtramp_r
                0x000000000002a054       0xbc c:/intelfpga_lite/21.1/nios2eds/bin/gnu/h-x86_64-mingw32/bin/../lib/gcc/nios2-elf/10.3.1/../../../../../H-x86_64-mingw32/nios2-elf/lib\libc.a(lib_a-signal.o)
                0x000000000002a054                __sigtramp_r
 .text.raise    0x000000000002a110       0xbc c:/intelfpga_lite/21.1/nios2eds/bin/gnu/h-x86_64-mingw32/bin/../lib/gcc/nios2-elf/10.3.1/../../../../../H-x86_64-mingw32/nios2-elf/lib\libc.a(lib_a-signal.o)
                0x000000000002a110                raise
 .text.signal   0x000000000002a1cc       0xa0 c:/intelfpga_lite/21.1/nios2eds/bin/gnu/h-x86_64-mingw32/bin/../lib/gcc/nios2-elf/10.3.1/../../../../../H-x86_64-mingw32/nios2-elf/lib\libc.a(lib_a-signal.o)
                0x000000000002a1cc                signal
 .text._init_signal
                0x000000000002a26c       0x60 c:/intelfpga_lite/21.1/nios2eds/bin/gnu/h-x86_64-mingw32/bin/../lib/gcc/nios2-elf/10.3.1/../../../../../H-x86_64-mingw32/nios2-elf/lib\libc.a(lib_a-signal.o)
                0x000000000002a26c                _init_signal
 .text.__sigtramp
                0x000000000002a2cc       0xbc c:/intelfpga_lite/21.1/nios2eds/bin/gnu/h-x86_64-mingw32/bin/../lib/gcc/nios2-elf/10.3.1/../../../../../H-x86_64-mingw32/nios2-elf/lib\libc.a(lib_a-signal.o)
                0x000000000002a2cc                __sigtramp
 .text          0x000000000002a388        0x0 c:/intelfpga_lite/21.1/nios2eds/bin/gnu/h-x86_64-mingw32/bin/../lib/gcc/nios2-elf/10.3.1/../../../../../H-x86_64-mingw32/nios2-elf/lib\libc.a(lib_a-signalr.o)
 .text._kill_r  0x000000000002a388       0x60 c:/intelfpga_lite/21.1/nios2eds/bin/gnu/h-x86_64-mingw32/bin/../lib/gcc/nios2-elf/10.3.1/../../../../../H-x86_64-mingw32/nios2-elf/lib\libc.a(lib_a-signalr.o)
                0x000000000002a388                _kill_r
 .text._getpid_r
                0x000000000002a3e8        0x4 c:/intelfpga_lite/21.1/nios2eds/bin/gnu/h-x86_64-mingw32/bin/../lib/gcc/nios2-elf/10.3.1/../../../../../H-x86_64-mingw32/nios2-elf/lib\libc.a(lib_a-signalr.o)
                0x000000000002a3e8                _getpid_r
 .text          0x000000000002a3ec      0x590 c:/intelfpga_lite/21.1/nios2eds/bin/gnu/h-x86_64-mingw32/bin/../lib/gcc/nios2-elf/10.3.1\libgcc.a(_udivdi3.o)
                0x000000000002a3ec                __udivdi3
 .text          0x000000000002a97c      0x534 c:/intelfpga_lite/21.1/nios2eds/bin/gnu/h-x86_64-mingw32/bin/../lib/gcc/nios2-elf/10.3.1\libgcc.a(_umoddi3.o)
                0x000000000002a97c                __umoddi3
 .text          0x000000000002aeb0      0x8f0 c:/intelfpga_lite/21.1/nios2eds/bin/gnu/h-x86_64-mingw32/bin/../lib/gcc/nios2-elf/10.3.1\libgcc.a(adddf3.o)
                0x000000000002aeb0                __adddf3
 .text          0x000000000002b7a0      0x850 c:/intelfpga_lite/21.1/nios2eds/bin/gnu/h-x86_64-mingw32/bin/../lib/gcc/nios2-elf/10.3.1\libgcc.a(divdf3.o)
                0x000000000002b7a0                __divdf3
 .text          0x000000000002bff0       0x80 c:/intelfpga_lite/21.1/nios2eds/bin/gnu/h-x86_64-mingw32/bin/../lib/gcc/nios2-elf/10.3.1\libgcc.a(eqdf2.o)
                0x000000000002bff0                __nedf2
                0x000000000002bff0                __eqdf2
 .text          0x000000000002c070       0xe8 c:/intelfpga_lite/21.1/nios2eds/bin/gnu/h-x86_64-mingw32/bin/../lib/gcc/nios2-elf/10.3.1\libgcc.a(gedf2.o)
                0x000000000002c070                __gedf2
                0x000000000002c070                __gtdf2
 .text          0x000000000002c158       0xe8 c:/intelfpga_lite/21.1/nios2eds/bin/gnu/h-x86_64-mingw32/bin/../lib/gcc/nios2-elf/10.3.1\libgcc.a(ledf2.o)
                0x000000000002c158                __ledf2
                0x000000000002c158                __ltdf2
 .text          0x000000000002c240      0x674 c:/intelfpga_lite/21.1/nios2eds/bin/gnu/h-x86_64-mingw32/bin/../lib/gcc/nios2-elf/10.3.1\libgcc.a(muldf3.o)
                0x000000000002c240                __muldf3
 .text          0x000000000002c8b4      0x90c c:/intelfpga_lite/21.1/nios2eds/bin/gnu/h-x86_64-mingw32/bin/../lib/gcc/nios2-elf/10.3.1\libgcc.a(subdf3.o)
                0x000000000002c8b4                __subdf3
 .text          0x000000000002d1c0       0x54 c:/intelfpga_lite/21.1/nios2eds/bin/gnu/h-x86_64-mingw32/bin/../lib/gcc/nios2-elf/10.3.1\libgcc.a(unorddf2.o)
                0x000000000002d1c0                __unorddf2
 .text          0x000000000002d214       0x80 c:/intelfpga_lite/21.1/nios2eds/bin/gnu/h-x86_64-mingw32/bin/../lib/gcc/nios2-elf/10.3.1\libgcc.a(fixdfsi.o)
                0x000000000002d214                __fixdfsi
 .text          0x000000000002d294       0xb8 c:/intelfpga_lite/21.1/nios2eds/bin/gnu/h-x86_64-mingw32/bin/../lib/gcc/nios2-elf/10.3.1\libgcc.a(floatsidf.o)
                0x000000000002d294                __floatsidf
 .text          0x000000000002d34c       0x90 c:/intelfpga_lite/21.1/nios2eds/bin/gnu/h-x86_64-mingw32/bin/../lib/gcc/nios2-elf/10.3.1\libgcc.a(floatunsidf.o)
                0x000000000002d34c                __floatunsidf
 .text          0x000000000002d3dc        0x0 c:/intelfpga_lite/21.1/nios2eds/bin/gnu/h-x86_64-mingw32/bin/../lib/gcc/nios2-elf/10.3.1\libgcc.a(_clz.o)
 .text          0x000000000002d3dc       0x54 c:/intelfpga_lite/21.1/nios2eds/bin/gnu/h-x86_64-mingw32/bin/../lib/gcc/nios2-elf/10.3.1\libgcc.a(_clzsi2.o)
                0x000000000002d3dc                __clzsi2
 .text          0x000000000002d430      0x10c c:/vcs/git/camouse/fpga/software/camouse_bsp/\libhal_bsp.a(alt_close.o)
                0x000000000002d46c                close
 .text          0x000000000002d53c       0x2c c:/vcs/git/camouse/fpga/software/camouse_bsp/\libhal_bsp.a(alt_dev.o)
 .text          0x000000000002d568        0x0 c:/vcs/git/camouse/fpga/software/camouse_bsp/\libhal_bsp.a(alt_errno.o)
 .text          0x000000000002d568       0x38 c:/vcs/git/camouse/fpga/software/camouse_bsp/\libhal_bsp.a(alt_exit.o)
                0x000000000002d568                _exit
 .text          0x000000000002d5a0       0xec c:/vcs/git/camouse/fpga/software/camouse_bsp/\libhal_bsp.a(alt_fstat.o)
                0x000000000002d5dc                fstat
 .text          0x000000000002d68c       0x20 c:/vcs/git/camouse/fpga/software/camouse_bsp/\libhal_bsp.a(alt_getpid.o)
                0x000000000002d68c                getpid
 .text          0x000000000002d6ac       0xe0 c:/vcs/git/camouse/fpga/software/camouse_bsp/\libhal_bsp.a(alt_isatty.o)
                0x000000000002d6e8                isatty
 .text          0x000000000002d78c      0x168 c:/vcs/git/camouse/fpga/software/camouse_bsp/\libhal_bsp.a(alt_kill.o)
                0x000000000002d7c8                kill
 .text          0x000000000002d8f4       0xec c:/vcs/git/camouse/fpga/software/camouse_bsp/\libhal_bsp.a(alt_load.o)
                0x000000000002d95c                alt_load
 .text          0x000000000002d9e0      0x110 c:/vcs/git/camouse/fpga/software/camouse_bsp/\libhal_bsp.a(alt_lseek.o)
                0x000000000002da1c                lseek
 .text          0x000000000002daf0       0x7c c:/vcs/git/camouse/fpga/software/camouse_bsp/\libhal_bsp.a(alt_main.o)
                0x000000000002daf0                alt_main
 .text          0x000000000002db6c       0x48 c:/vcs/git/camouse/fpga/software/camouse_bsp/\libhal_bsp.a(alt_malloc_lock.o)
                0x000000000002db6c                __malloc_lock
                0x000000000002db90                __malloc_unlock
 .text          0x000000000002dbb4      0x138 c:/vcs/git/camouse/fpga/software/camouse_bsp/\libhal_bsp.a(alt_read.o)
                0x000000000002dbf0                read
 .text          0x000000000002dcec       0x58 c:/vcs/git/camouse/fpga/software/camouse_bsp/\libhal_bsp.a(alt_release_fd.o)
                0x000000000002dcec                alt_release_fd
 .text          0x000000000002dd44       0xb8 c:/vcs/git/camouse/fpga/software/camouse_bsp/\libhal_bsp.a(alt_sbrk.o)
                0x000000000002dd44                sbrk
 .text          0x000000000002ddfc       0x30 c:/vcs/git/camouse/fpga/software/camouse_bsp/\libhal_bsp.a(alt_usleep.o)
                0x000000000002ddfc                usleep
 .text          0x000000000002de2c      0x134 c:/vcs/git/camouse/fpga/software/camouse_bsp/\libhal_bsp.a(alt_write.o)
                0x000000000002de68                write
 .text          0x000000000002df60       0xd4 c:/vcs/git/camouse/fpga/software/camouse_bsp/\libhal_bsp.a(alt_sys_init.o)
                0x000000000002df94                alt_irq_init
                0x000000000002dfd0                alt_sys_init
 .text          0x000000000002e034      0x164 c:/vcs/git/camouse/fpga/software/camouse_bsp/\libhal_bsp.a(altera_avalon_jtag_uart_fd.o)
                0x000000000002e034                altera_avalon_jtag_uart_read_fd
                0x000000000002e094                altera_avalon_jtag_uart_write_fd
                0x000000000002e0f4                altera_avalon_jtag_uart_close_fd
                0x000000000002e144                altera_avalon_jtag_uart_ioctl_fd
 .text          0x000000000002e198      0x3d4 c:/vcs/git/camouse/fpga/software/camouse_bsp/\libhal_bsp.a(altera_avalon_jtag_uart_init.o)
                0x000000000002e198                altera_avalon_jtag_uart_init
                0x000000000002e504                altera_avalon_jtag_uart_close
 .text          0x000000000002e56c       0xf4 c:/vcs/git/camouse/fpga/software/camouse_bsp/\libhal_bsp.a(altera_avalon_jtag_uart_ioctl.o)
                0x000000000002e56c                altera_avalon_jtag_uart_ioctl
 .text          0x000000000002e660      0x220 c:/vcs/git/camouse/fpga/software/camouse_bsp/\libhal_bsp.a(altera_avalon_jtag_uart_read.o)
                0x000000000002e660                altera_avalon_jtag_uart_read
 .text          0x000000000002e880      0x228 c:/vcs/git/camouse/fpga/software/camouse_bsp/\libhal_bsp.a(altera_avalon_jtag_uart_write.o)
                0x000000000002e880                altera_avalon_jtag_uart_write
 .text          0x000000000002eaa8      0x100 c:/vcs/git/camouse/fpga/software/camouse_bsp/\libhal_bsp.a(altera_avalon_timer_sc.o)
                0x000000000002eb24                alt_avalon_timer_sc_init
 .text          0x000000000002eba8      0x160 c:/vcs/git/camouse/fpga/software/camouse_bsp/\libhal_bsp.a(alt_alarm_start.o)
                0x000000000002eba8                alt_alarm_start
 .text          0x000000000002ed08      0x158 c:/vcs/git/camouse/fpga/software/camouse_bsp/\libhal_bsp.a(alt_busy_sleep.o)
                0x000000000002ed08                alt_busy_sleep
 .text          0x000000000002ee60       0x4c c:/vcs/git/camouse/fpga/software/camouse_bsp/\libhal_bsp.a(alt_dcache_flush_all.o)
                0x000000000002ee60                alt_dcache_flush_all
 .text          0x000000000002eeac       0xe4 c:/vcs/git/camouse/fpga/software/camouse_bsp/\libhal_bsp.a(alt_dev_llist_insert.o)
                0x000000000002eee8                alt_dev_llist_insert
 .text          0x000000000002ef90       0x64 c:/vcs/git/camouse/fpga/software/camouse_bsp/\libhal_bsp.a(alt_do_ctors.o)
                0x000000000002ef90                _do_ctors
 .text          0x000000000002eff4       0x64 c:/vcs/git/camouse/fpga/software/camouse_bsp/\libhal_bsp.a(alt_do_dtors.o)
                0x000000000002eff4                _do_dtors
 .text          0x000000000002f058       0x34 c:/vcs/git/camouse/fpga/software/camouse_bsp/\libhal_bsp.a(alt_icache_flush_all.o)
                0x000000000002f058                alt_icache_flush_all
 .text          0x000000000002f08c      0x1b0 c:/vcs/git/camouse/fpga/software/camouse_bsp/\libhal_bsp.a(alt_iic.o)
                0x000000000002f08c                alt_ic_isr_register
                0x000000000002f0dc                alt_ic_irq_enable
                0x000000000002f164                alt_ic_irq_disable
                0x000000000002f1f0                alt_ic_irq_enabled
 .text          0x000000000002f23c       0xe8 c:/vcs/git/camouse/fpga/software/camouse_bsp/\libhal_bsp.a(alt_iic_isr_register.o)
                0x000000000002f23c                alt_iic_isr_register
 .text          0x000000000002f324      0x12c c:/vcs/git/camouse/fpga/software/camouse_bsp/\libhal_bsp.a(alt_io_redirect.o)
                0x000000000002f3d4                alt_io_redirect
 .text          0x000000000002f450        0x0 c:/vcs/git/camouse/fpga/software/camouse_bsp/\libhal_bsp.a(alt_irq_entry.o)
 .text          0x000000000002f450        0x0 c:/vcs/git/camouse/fpga/software/camouse_bsp/\libhal_bsp.a(alt_irq_handler.o)
 .text          0x000000000002f450        0x0 c:/vcs/git/camouse/fpga/software/camouse_bsp/\libhal_bsp.a(alt_irq_vars.o)
 .text          0x000000000002f450      0x248 c:/vcs/git/camouse/fpga/software/camouse_bsp/\libhal_bsp.a(alt_open.o)
                0x000000000002f544                open
 .text          0x000000000002f698      0x1d0 c:/vcs/git/camouse/fpga/software/camouse_bsp/\libhal_bsp.a(alt_tick.o)
                0x000000000002f698                alt_alarm_stop
                0x000000000002f73c                alt_tick
 .text          0x000000000002f868       0x24 c:/vcs/git/camouse/fpga/software/camouse_bsp/\libhal_bsp.a(altera_nios2_gen2_irq.o)
                0x000000000002f868                altera_nios2_gen2_irq_init
 .text          0x000000000002f88c        0x0 c:/vcs/git/camouse/fpga/software/camouse_bsp/\libhal_bsp.a(alt_exception_entry.o)
 .text          0x000000000002f88c       0x90 c:/vcs/git/camouse/fpga/software/camouse_bsp/\libhal_bsp.a(alt_find_dev.o)
                0x000000000002f88c                alt_find_dev
 .text          0x000000000002f91c      0x108 c:/vcs/git/camouse/fpga/software/camouse_bsp/\libhal_bsp.a(alt_find_file.o)
                0x000000000002f91c                alt_find_file
 .text          0x000000000002fa24       0xa0 c:/vcs/git/camouse/fpga/software/camouse_bsp/\libhal_bsp.a(alt_get_fd.o)
                0x000000000002fa24                alt_get_fd
 .text          0x000000000002fac4       0x90 c:/vcs/git/camouse/fpga/software/camouse_bsp/\libhal_bsp.a(alt_icache_flush.o)
                0x000000000002fac4                alt_icache_flush
 .text          0x000000000002fb54       0x98 c:/vcs/git/camouse/fpga/software/camouse_bsp/\libhal_bsp.a(alt_instruction_exception_entry.o)
                0x000000000002fb54                alt_exception_cause_generated_bad_addr
 .text          0x000000000002fbec        0x0 c:/intelfpga_lite/21.1/nios2eds/bin/gnu/h-x86_64-mingw32/bin/../lib/gcc/nios2-elf/10.3.1/../../../../../H-x86_64-mingw32/nios2-elf/lib\libc.a(lib_a-atexit.o)
 .text.atexit   0x000000000002fbec       0x14 c:/intelfpga_lite/21.1/nios2eds/bin/gnu/h-x86_64-mingw32/bin/../lib/gcc/nios2-elf/10.3.1/../../../../../H-x86_64-mingw32/nios2-elf/lib\libc.a(lib_a-atexit.o)
                0x000000000002fbec                atexit
 .text          0x000000000002fc00        0x0 c:/intelfpga_lite/21.1/nios2eds/bin/gnu/h-x86_64-mingw32/bin/../lib/gcc/nios2-elf/10.3.1/../../../../../H-x86_64-mingw32/nios2-elf/lib\libc.a(lib_a-exit.o)
 .text.exit     0x000000000002fc00       0x34 c:/intelfpga_lite/21.1/nios2eds/bin/gnu/h-x86_64-mingw32/bin/../lib/gcc/nios2-elf/10.3.1/../../../../../H-x86_64-mingw32/nios2-elf/lib\libc.a(lib_a-exit.o)
                0x000000000002fc00                exit
 .text          0x000000000002fc34        0x0 c:/intelfpga_lite/21.1/nios2eds/bin/gnu/h-x86_64-mingw32/bin/../lib/gcc/nios2-elf/10.3.1/../../../../../H-x86_64-mingw32/nios2-elf/lib\libc.a(lib_a-memcmp.o)
 .text.memcmp   0x000000000002fc34       0x78 c:/intelfpga_lite/21.1/nios2eds/bin/gnu/h-x86_64-mingw32/bin/../lib/gcc/nios2-elf/10.3.1/../../../../../H-x86_64-mingw32/nios2-elf/lib\libc.a(lib_a-memcmp.o)
                0x000000000002fc34                memcmp
 .text          0x000000000002fcac        0x0 c:/intelfpga_lite/21.1/nios2eds/bin/gnu/h-x86_64-mingw32/bin/../lib/gcc/nios2-elf/10.3.1/../../../../../H-x86_64-mingw32/nios2-elf/lib\libc.a(lib_a-__atexit.o)
 .text.__register_exitproc
                0x000000000002fcac       0x90 c:/intelfpga_lite/21.1/nios2eds/bin/gnu/h-x86_64-mingw32/bin/../lib/gcc/nios2-elf/10.3.1/../../../../../H-x86_64-mingw32/nios2-elf/lib\libc.a(lib_a-__atexit.o)
                0x000000000002fcac                __register_exitproc
 .text          0x000000000002fd3c        0x0 c:/intelfpga_lite/21.1/nios2eds/bin/gnu/h-x86_64-mingw32/bin/../lib/gcc/nios2-elf/10.3.1/../../../../../H-x86_64-mingw32/nios2-elf/lib\libc.a(lib_a-__call_atexit.o)
 .text.__call_exitprocs
                0x000000000002fd3c      0x120 c:/intelfpga_lite/21.1/nios2eds/bin/gnu/h-x86_64-mingw32/bin/../lib/gcc/nios2-elf/10.3.1/../../../../../H-x86_64-mingw32/nios2-elf/lib\libc.a(lib_a-__call_atexit.o)
                0x000000000002fd3c                __call_exitprocs
 *(.gnu.warning.*)
 *(.fini)
                [!provide]                        PROVIDE (__etext = ABSOLUTE (.))
                [!provide]                        PROVIDE (_etext = ABSOLUTE (.))
                [!provide]                        PROVIDE (etext = ABSOLUTE (.))
 *(.eh_frame_hdr)
                0x000000000002fe5c                . = ALIGN (0x4)
                [!provide]                        PROVIDE (__preinit_array_start = ABSOLUTE (.))
 *(.preinit_array)
                [!provide]                        PROVIDE (__preinit_array_end = ABSOLUTE (.))
                [!provide]                        PROVIDE (__init_array_start = ABSOLUTE (.))
 *(.init_array)
                [!provide]                        PROVIDE (__init_array_end = ABSOLUTE (.))
                [!provide]                        PROVIDE (__fini_array_start = ABSOLUTE (.))
 *(.fini_array)
                [!provide]                        PROVIDE (__fini_array_end = ABSOLUTE (.))
 *(.eh_frame)
 *(.gcc_except_table .gcc_except_table.*)
 *(.dynamic)
                0x000000000002fe5c                PROVIDE (__CTOR_LIST__ = ABSOLUTE (.))
 *(.ctors)
 *(SORT_BY_NAME(.ctors.*))
                0x000000000002fe5c                PROVIDE (__CTOR_END__ = ABSOLUTE (.))
                0x000000000002fe5c                PROVIDE (__DTOR_LIST__ = ABSOLUTE (.))
 *(.dtors)
 *(SORT_BY_NAME(.dtors.*))
                0x000000000002fe5c                PROVIDE (__DTOR_END__ = ABSOLUTE (.))
 *(.jcr)
                0x000000000002fe5c                . = ALIGN (0x4)

.rodata         0x000000000002fe5c      0x728
                0x000000000002fe5c                PROVIDE (__ram_rodata_start = ABSOLUTE (.))
                0x000000000002fe5c                . = ALIGN (0x4)
 *(.rodata .rodata.* .gnu.linkonce.r.*)
 .rodata        0x000000000002fe5c       0xdf obj/default/count_binary.o
 *fill*         0x000000000002ff3b        0x1 
 .rodata._puts_r.str1.4
                0x000000000002ff3c        0x2 c:/intelfpga_lite/21.1/nios2eds/bin/gnu/h-x86_64-mingw32/bin/../lib/gcc/nios2-elf/10.3.1/../../../../../H-x86_64-mingw32/nios2-elf/lib\libc.a(lib_a-puts.o)
 *fill*         0x000000000002ff3e        0x2 
 .rodata.___vfprintf_internal_r.str1.4
                0x000000000002ff40       0x42 c:/intelfpga_lite/21.1/nios2eds/bin/gnu/h-x86_64-mingw32/bin/../lib/gcc/nios2-elf/10.3.1/../../../../../H-x86_64-mingw32/nios2-elf/lib\libc.a(lib_a-vfprintf.o)
 *fill*         0x000000000002ff82        0x2 
 .rodata.zeroes.0
                0x000000000002ff84       0x10 c:/intelfpga_lite/21.1/nios2eds/bin/gnu/h-x86_64-mingw32/bin/../lib/gcc/nios2-elf/10.3.1/../../../../../H-x86_64-mingw32/nios2-elf/lib\libc.a(lib_a-vfprintf.o)
 .rodata.blanks.1
                0x000000000002ff94       0x10 c:/intelfpga_lite/21.1/nios2eds/bin/gnu/h-x86_64-mingw32/bin/../lib/gcc/nios2-elf/10.3.1/../../../../../H-x86_64-mingw32/nios2-elf/lib\libc.a(lib_a-vfprintf.o)
 .rodata._dtoa_r.str1.4
                0x000000000002ffa4       0x5e c:/intelfpga_lite/21.1/nios2eds/bin/gnu/h-x86_64-mingw32/bin/../lib/gcc/nios2-elf/10.3.1/../../../../../H-x86_64-mingw32/nios2-elf/lib\libc.a(lib_a-dtoa.o)
                                         0x62 (size before relaxing)
 *fill*         0x0000000000030002        0x2 
 .rodata.__multadd.str1.4
                0x0000000000030004       0x3b c:/intelfpga_lite/21.1/nios2eds/bin/gnu/h-x86_64-mingw32/bin/../lib/gcc/nios2-elf/10.3.1/../../../../../H-x86_64-mingw32/nios2-elf/lib\libc.a(lib_a-mprec.o)
                                         0x4f (size before relaxing)
 *fill*         0x000000000003003f        0x1 
 .rodata.p05.0  0x0000000000030040        0xc c:/intelfpga_lite/21.1/nios2eds/bin/gnu/h-x86_64-mingw32/bin/../lib/gcc/nios2-elf/10.3.1/../../../../../H-x86_64-mingw32/nios2-elf/lib\libc.a(lib_a-mprec.o)
 .rodata.__mprec_tinytens
                0x000000000003004c       0x28 c:/intelfpga_lite/21.1/nios2eds/bin/gnu/h-x86_64-mingw32/bin/../lib/gcc/nios2-elf/10.3.1/../../../../../H-x86_64-mingw32/nios2-elf/lib\libc.a(lib_a-mprec.o)
                0x000000000003004c                __mprec_tinytens
 .rodata.__mprec_bigtens
                0x0000000000030074       0x28 c:/intelfpga_lite/21.1/nios2eds/bin/gnu/h-x86_64-mingw32/bin/../lib/gcc/nios2-elf/10.3.1/../../../../../H-x86_64-mingw32/nios2-elf/lib\libc.a(lib_a-mprec.o)
                0x0000000000030074                __mprec_bigtens
 .rodata.__mprec_tens
                0x000000000003009c       0xc8 c:/intelfpga_lite/21.1/nios2eds/bin/gnu/h-x86_64-mingw32/bin/../lib/gcc/nios2-elf/10.3.1/../../../../../H-x86_64-mingw32/nios2-elf/lib\libc.a(lib_a-mprec.o)
                0x000000000003009c                __mprec_tens
 .rodata.___vfiprintf_internal_r.str1.4
                0x0000000000030164       0x2f c:/intelfpga_lite/21.1/nios2eds/bin/gnu/h-x86_64-mingw32/bin/../lib/gcc/nios2-elf/10.3.1/../../../../../H-x86_64-mingw32/nios2-elf/lib\libc.a(lib_a-vfiprintf.o)
 .rodata.zeroes.0
                0x0000000000030164       0x10 c:/intelfpga_lite/21.1/nios2eds/bin/gnu/h-x86_64-mingw32/bin/../lib/gcc/nios2-elf/10.3.1/../../../../../H-x86_64-mingw32/nios2-elf/lib\libc.a(lib_a-vfiprintf.o)
 .rodata.blanks.1
                0x0000000000030174       0x10 c:/intelfpga_lite/21.1/nios2eds/bin/gnu/h-x86_64-mingw32/bin/../lib/gcc/nios2-elf/10.3.1/../../../../../H-x86_64-mingw32/nios2-elf/lib\libc.a(lib_a-vfiprintf.o)
 .rodata.__assert_func.str1.4
                0x0000000000030184       0x3f c:/intelfpga_lite/21.1/nios2eds/bin/gnu/h-x86_64-mingw32/bin/../lib/gcc/nios2-elf/10.3.1/../../../../../H-x86_64-mingw32/nios2-elf/lib\libc.a(lib_a-assert.o)
                                         0x43 (size before relaxing)
 *fill*         0x00000000000301c3        0x1 
 .rodata._setlocale_r.str1.4
                0x00000000000301c4        0xa c:/intelfpga_lite/21.1/nios2eds/bin/gnu/h-x86_64-mingw32/bin/../lib/gcc/nios2-elf/10.3.1/../../../../../H-x86_64-mingw32/nios2-elf/lib\libc.a(lib_a-locale.o)
 *fill*         0x00000000000301ce        0x2 
 .rodata.str1.4
                0x00000000000301d0        0x2 c:/intelfpga_lite/21.1/nios2eds/bin/gnu/h-x86_64-mingw32/bin/../lib/gcc/nios2-elf/10.3.1/../../../../../H-x86_64-mingw32/nios2-elf/lib\libc.a(lib_a-locale.o)
                                          0x5 (size before relaxing)
 *fill*         0x00000000000301d2        0x2 
 .rodata._ctype_
                0x00000000000301d4      0x101 c:/intelfpga_lite/21.1/nios2eds/bin/gnu/h-x86_64-mingw32/bin/../lib/gcc/nios2-elf/10.3.1/../../../../../H-x86_64-mingw32/nios2-elf/lib\libc.a(lib_a-ctype_.o)
                0x00000000000301d4                _ctype_
 *fill*         0x00000000000302d5        0x3 
 .rodata._ctype_b
                0x00000000000302d8      0x180 c:/intelfpga_lite/21.1/nios2eds/bin/gnu/h-x86_64-mingw32/bin/../lib/gcc/nios2-elf/10.3.1/../../../../../H-x86_64-mingw32/nios2-elf/lib\libc.a(lib_a-ctype_.o)
                0x00000000000302d8                _ctype_b
 .rodata        0x0000000000030458      0x100 c:/intelfpga_lite/21.1/nios2eds/bin/gnu/h-x86_64-mingw32/bin/../lib/gcc/nios2-elf/10.3.1\libgcc.a(_clz.o)
                0x0000000000030458                __clz_tab
 .rodata        0x0000000000030558        0xa c:/vcs/git/camouse/fpga/software/camouse_bsp/\libhal_bsp.a(alt_dev.o)
 *fill*         0x0000000000030562        0x2 
 .rodata        0x0000000000030564        0xf c:/vcs/git/camouse/fpga/software/camouse_bsp/\libhal_bsp.a(alt_main.o)
 *fill*         0x0000000000030573        0x1 
 .rodata        0x0000000000030574        0xf c:/vcs/git/camouse/fpga/software/camouse_bsp/\libhal_bsp.a(alt_sys_init.o)
 *(.rodata1)
                0x0000000000030584                . = ALIGN (0x4)
 *fill*         0x0000000000030583        0x1 
                0x0000000000030584                PROVIDE (__ram_rodata_end = ABSOLUTE (.))
                0x000000000002fe5c                PROVIDE (__flash_rodata_start = LOADADDR (.rodata))

.rwdata         0x0000000000030584     0x1bd8 load address 0x000000000003215c
                0x0000000000030584                PROVIDE (__ram_rwdata_start = ABSOLUTE (.))
                0x0000000000030584                . = ALIGN (0x4)
 *(.got.plt)
 *(.got)
 *(.data1)
 *(.data .data.* .gnu.linkonce.d.*)
 .data          0x0000000000030584        0x0 c:/vcs/git/camouse/fpga/software/camouse_bsp//obj/HAL/src/crt0.o
 .data          0x0000000000030584        0x0 obj/default/count_binary.o
 .data          0x0000000000030584        0x0 c:/intelfpga_lite/21.1/nios2eds/bin/gnu/h-x86_64-mingw32/bin/../lib/gcc/nios2-elf/10.3.1\libgcc.a(lib2-divmod.o)
 .data          0x0000000000030584        0x0 c:/intelfpga_lite/21.1/nios2eds/bin/gnu/h-x86_64-mingw32/bin/../lib/gcc/nios2-elf/10.3.1/../../../../../H-x86_64-mingw32/nios2-elf/lib\libc.a(lib_a-printf.o)
 .data          0x0000000000030584        0x0 c:/intelfpga_lite/21.1/nios2eds/bin/gnu/h-x86_64-mingw32/bin/../lib/gcc/nios2-elf/10.3.1/../../../../../H-x86_64-mingw32/nios2-elf/lib\libc.a(lib_a-putchar.o)
 .data          0x0000000000030584        0x0 c:/intelfpga_lite/21.1/nios2eds/bin/gnu/h-x86_64-mingw32/bin/../lib/gcc/nios2-elf/10.3.1/../../../../../H-x86_64-mingw32/nios2-elf/lib\libc.a(lib_a-puts.o)
 .data          0x0000000000030584        0x0 c:/intelfpga_lite/21.1/nios2eds/bin/gnu/h-x86_64-mingw32/bin/../lib/gcc/nios2-elf/10.3.1/../../../../../H-x86_64-mingw32/nios2-elf/lib\libc.a(lib_a-strlen.o)
 .data          0x0000000000030584        0x0 c:/intelfpga_lite/21.1/nios2eds/bin/gnu/h-x86_64-mingw32/bin/../lib/gcc/nios2-elf/10.3.1/../../../../../H-x86_64-mingw32/nios2-elf/lib\libc.a(lib_a-vfprintf.o)
 .data          0x0000000000030584        0x0 c:/intelfpga_lite/21.1/nios2eds/bin/gnu/h-x86_64-mingw32/bin/../lib/gcc/nios2-elf/10.3.1/../../../../../H-x86_64-mingw32/nios2-elf/lib\libc.a(lib_a-wsetup.o)
 .data          0x0000000000030584        0x0 c:/intelfpga_lite/21.1/nios2eds/bin/gnu/h-x86_64-mingw32/bin/../lib/gcc/nios2-elf/10.3.1/../../../../../H-x86_64-mingw32/nios2-elf/lib\libc.a(lib_a-dtoa.o)
 .data          0x0000000000030584        0x0 c:/intelfpga_lite/21.1/nios2eds/bin/gnu/h-x86_64-mingw32/bin/../lib/gcc/nios2-elf/10.3.1/../../../../../H-x86_64-mingw32/nios2-elf/lib\libc.a(lib_a-fflush.o)
 .data          0x0000000000030584        0x0 c:/intelfpga_lite/21.1/nios2eds/bin/gnu/h-x86_64-mingw32/bin/../lib/gcc/nios2-elf/10.3.1/../../../../../H-x86_64-mingw32/nios2-elf/lib\libc.a(lib_a-findfp.o)
 .data          0x0000000000030584        0x0 c:/intelfpga_lite/21.1/nios2eds/bin/gnu/h-x86_64-mingw32/bin/../lib/gcc/nios2-elf/10.3.1/../../../../../H-x86_64-mingw32/nios2-elf/lib\libc.a(lib_a-freer.o)
 .data          0x0000000000030584        0x0 c:/intelfpga_lite/21.1/nios2eds/bin/gnu/h-x86_64-mingw32/bin/../lib/gcc/nios2-elf/10.3.1/../../../../../H-x86_64-mingw32/nios2-elf/lib\libc.a(lib_a-fvwrite.o)
 .data          0x0000000000030584        0x0 c:/intelfpga_lite/21.1/nios2eds/bin/gnu/h-x86_64-mingw32/bin/../lib/gcc/nios2-elf/10.3.1/../../../../../H-x86_64-mingw32/nios2-elf/lib\libc.a(lib_a-fwalk.o)
 .data          0x0000000000030584        0x0 c:/intelfpga_lite/21.1/nios2eds/bin/gnu/h-x86_64-mingw32/bin/../lib/gcc/nios2-elf/10.3.1/../../../../../H-x86_64-mingw32/nios2-elf/lib\libc.a(lib_a-impure.o)
 .data.impure_data
                0x0000000000030584      0x424 c:/intelfpga_lite/21.1/nios2eds/bin/gnu/h-x86_64-mingw32/bin/../lib/gcc/nios2-elf/10.3.1/../../../../../H-x86_64-mingw32/nios2-elf/lib\libc.a(lib_a-impure.o)
 .data          0x00000000000309a8        0x0 c:/intelfpga_lite/21.1/nios2eds/bin/gnu/h-x86_64-mingw32/bin/../lib/gcc/nios2-elf/10.3.1/../../../../../H-x86_64-mingw32/nios2-elf/lib\libc.a(lib_a-localeconv.o)
 .data          0x00000000000309a8        0x0 c:/intelfpga_lite/21.1/nios2eds/bin/gnu/h-x86_64-mingw32/bin/../lib/gcc/nios2-elf/10.3.1/../../../../../H-x86_64-mingw32/nios2-elf/lib\libc.a(lib_a-makebuf.o)
 .data          0x00000000000309a8        0x0 c:/intelfpga_lite/21.1/nios2eds/bin/gnu/h-x86_64-mingw32/bin/../lib/gcc/nios2-elf/10.3.1/../../../../../H-x86_64-mingw32/nios2-elf/lib\libc.a(lib_a-mallocr.o)
 .data.__malloc_av_
                0x00000000000309a8      0x408 c:/intelfpga_lite/21.1/nios2eds/bin/gnu/h-x86_64-mingw32/bin/../lib/gcc/nios2-elf/10.3.1/../../../../../H-x86_64-mingw32/nios2-elf/lib\libc.a(lib_a-mallocr.o)
                0x00000000000309a8                __malloc_av_
 .data          0x0000000000030db0        0x0 c:/intelfpga_lite/21.1/nios2eds/bin/gnu/h-x86_64-mingw32/bin/../lib/gcc/nios2-elf/10.3.1/../../../../../H-x86_64-mingw32/nios2-elf/lib\libc.a(lib_a-memchr.o)
 .data          0x0000000000030db0        0x0 c:/intelfpga_lite/21.1/nios2eds/bin/gnu/h-x86_64-mingw32/bin/../lib/gcc/nios2-elf/10.3.1/../../../../../H-x86_64-mingw32/nios2-elf/lib\libc.a(lib_a-memcpy.o)
 .data          0x0000000000030db0        0x0 c:/intelfpga_lite/21.1/nios2eds/bin/gnu/h-x86_64-mingw32/bin/../lib/gcc/nios2-elf/10.3.1/../../../../../H-x86_64-mingw32/nios2-elf/lib\libc.a(lib_a-memmove.o)
 .data          0x0000000000030db0        0x0 c:/intelfpga_lite/21.1/nios2eds/bin/gnu/h-x86_64-mingw32/bin/../lib/gcc/nios2-elf/10.3.1/../../../../../H-x86_64-mingw32/nios2-elf/lib\libc.a(lib_a-memset.o)
 .data          0x0000000000030db0        0x0 c:/intelfpga_lite/21.1/nios2eds/bin/gnu/h-x86_64-mingw32/bin/../lib/gcc/nios2-elf/10.3.1/../../../../../H-x86_64-mingw32/nios2-elf/lib\libc.a(lib_a-mprec.o)
 .data          0x0000000000030db0        0x0 c:/intelfpga_lite/21.1/nios2eds/bin/gnu/h-x86_64-mingw32/bin/../lib/gcc/nios2-elf/10.3.1/../../../../../H-x86_64-mingw32/nios2-elf/lib\libc.a(lib_a-putc.o)
 .data          0x0000000000030db0        0x0 c:/intelfpga_lite/21.1/nios2eds/bin/gnu/h-x86_64-mingw32/bin/../lib/gcc/nios2-elf/10.3.1/../../../../../H-x86_64-mingw32/nios2-elf/lib\libc.a(lib_a-reallocr.o)
 .data          0x0000000000030db0        0x0 c:/intelfpga_lite/21.1/nios2eds/bin/gnu/h-x86_64-mingw32/bin/../lib/gcc/nios2-elf/10.3.1/../../../../../H-x86_64-mingw32/nios2-elf/lib\libc.a(lib_a-sbrkr.o)
 .data          0x0000000000030db0        0x0 c:/intelfpga_lite/21.1/nios2eds/bin/gnu/h-x86_64-mingw32/bin/../lib/gcc/nios2-elf/10.3.1/../../../../../H-x86_64-mingw32/nios2-elf/lib\libc.a(lib_a-stdio.o)
 .data          0x0000000000030db0        0x0 c:/intelfpga_lite/21.1/nios2eds/bin/gnu/h-x86_64-mingw32/bin/../lib/gcc/nios2-elf/10.3.1/../../../../../H-x86_64-mingw32/nios2-elf/lib\libc.a(lib_a-vfiprintf.o)
 .data          0x0000000000030db0        0x0 c:/intelfpga_lite/21.1/nios2eds/bin/gnu/h-x86_64-mingw32/bin/../lib/gcc/nios2-elf/10.3.1/../../../../../H-x86_64-mingw32/nios2-elf/lib\libc.a(lib_a-wbuf.o)
 .data          0x0000000000030db0        0x0 c:/intelfpga_lite/21.1/nios2eds/bin/gnu/h-x86_64-mingw32/bin/../lib/gcc/nios2-elf/10.3.1/../../../../../H-x86_64-mingw32/nios2-elf/lib\libc.a(lib_a-writer.o)
 .data          0x0000000000030db0        0x0 c:/intelfpga_lite/21.1/nios2eds/bin/gnu/h-x86_64-mingw32/bin/../lib/gcc/nios2-elf/10.3.1/../../../../../H-x86_64-mingw32/nios2-elf/lib\libc.a(closer.o)
 .data          0x0000000000030db0        0x0 c:/intelfpga_lite/21.1/nios2eds/bin/gnu/h-x86_64-mingw32/bin/../lib/gcc/nios2-elf/10.3.1/../../../../../H-x86_64-mingw32/nios2-elf/lib\libc.a(lib_a-assert.o)
 .data          0x0000000000030db0        0x0 c:/intelfpga_lite/21.1/nios2eds/bin/gnu/h-x86_64-mingw32/bin/../lib/gcc/nios2-elf/10.3.1/../../../../../H-x86_64-mingw32/nios2-elf/lib\libc.a(lib_a-callocr.o)
 .data          0x0000000000030db0        0x0 c:/intelfpga_lite/21.1/nios2eds/bin/gnu/h-x86_64-mingw32/bin/../lib/gcc/nios2-elf/10.3.1/../../../../../H-x86_64-mingw32/nios2-elf/lib\libc.a(lib_a-errno.o)
 .data          0x0000000000030db0        0x0 c:/intelfpga_lite/21.1/nios2eds/bin/gnu/h-x86_64-mingw32/bin/../lib/gcc/nios2-elf/10.3.1/../../../../../H-x86_64-mingw32/nios2-elf/lib\libc.a(lib_a-fclose.o)
 .data          0x0000000000030db0        0x0 c:/intelfpga_lite/21.1/nios2eds/bin/gnu/h-x86_64-mingw32/bin/../lib/gcc/nios2-elf/10.3.1/../../../../../H-x86_64-mingw32/nios2-elf/lib\libc.a(lib_a-fiprintf.o)
 .data          0x0000000000030db0        0x0 c:/intelfpga_lite/21.1/nios2eds/bin/gnu/h-x86_64-mingw32/bin/../lib/gcc/nios2-elf/10.3.1/../../../../../H-x86_64-mingw32/nios2-elf/lib\libc.a(lib_a-fputwc.o)
 .data          0x0000000000030db0        0x0 c:/intelfpga_lite/21.1/nios2eds/bin/gnu/h-x86_64-mingw32/bin/../lib/gcc/nios2-elf/10.3.1/../../../../../H-x86_64-mingw32/nios2-elf/lib\libc.a(lib_a-fstatr.o)
 .data          0x0000000000030db0        0x0 c:/intelfpga_lite/21.1/nios2eds/bin/gnu/h-x86_64-mingw32/bin/../lib/gcc/nios2-elf/10.3.1/../../../../../H-x86_64-mingw32/nios2-elf/lib\libc.a(lib_a-int_errno.o)
 .data          0x0000000000030db0        0x0 c:/intelfpga_lite/21.1/nios2eds/bin/gnu/h-x86_64-mingw32/bin/../lib/gcc/nios2-elf/10.3.1/../../../../../H-x86_64-mingw32/nios2-elf/lib\libc.a(lib_a-isattyr.o)
 .data          0x0000000000030db0        0x0 c:/intelfpga_lite/21.1/nios2eds/bin/gnu/h-x86_64-mingw32/bin/../lib/gcc/nios2-elf/10.3.1/../../../../../H-x86_64-mingw32/nios2-elf/lib\libc.a(lib_a-locale.o)
 .data.__global_locale
                0x0000000000030db0      0x16c c:/intelfpga_lite/21.1/nios2eds/bin/gnu/h-x86_64-mingw32/bin/../lib/gcc/nios2-elf/10.3.1/../../../../../H-x86_64-mingw32/nios2-elf/lib\libc.a(lib_a-locale.o)
                0x0000000000030db0                __global_locale
 .data          0x0000000000030f1c        0x0 c:/intelfpga_lite/21.1/nios2eds/bin/gnu/h-x86_64-mingw32/bin/../lib/gcc/nios2-elf/10.3.1/../../../../../H-x86_64-mingw32/nios2-elf/lib\libc.a(lib_a-lseekr.o)
 .data          0x0000000000030f1c        0x0 c:/intelfpga_lite/21.1/nios2eds/bin/gnu/h-x86_64-mingw32/bin/../lib/gcc/nios2-elf/10.3.1/../../../../../H-x86_64-mingw32/nios2-elf/lib\libc.a(lib_a-mbtowc_r.o)
 .data          0x0000000000030f1c        0x0 c:/intelfpga_lite/21.1/nios2eds/bin/gnu/h-x86_64-mingw32/bin/../lib/gcc/nios2-elf/10.3.1/../../../../../H-x86_64-mingw32/nios2-elf/lib\libc.a(lib_a-readr.o)
 .data          0x0000000000030f1c        0x0 c:/intelfpga_lite/21.1/nios2eds/bin/gnu/h-x86_64-mingw32/bin/../lib/gcc/nios2-elf/10.3.1/../../../../../H-x86_64-mingw32/nios2-elf/lib\libc.a(lib_a-strcmp.o)
 .data          0x0000000000030f1c        0x0 c:/intelfpga_lite/21.1/nios2eds/bin/gnu/h-x86_64-mingw32/bin/../lib/gcc/nios2-elf/10.3.1/../../../../../H-x86_64-mingw32/nios2-elf/lib\libc.a(lib_a-vfiprintfr_1.o)
 .data          0x0000000000030f1c        0x0 c:/intelfpga_lite/21.1/nios2eds/bin/gnu/h-x86_64-mingw32/bin/../lib/gcc/nios2-elf/10.3.1/../../../../../H-x86_64-mingw32/nios2-elf/lib\libc.a(lib_a-wcrtomb.o)
 .data          0x0000000000030f1c        0x0 c:/intelfpga_lite/21.1/nios2eds/bin/gnu/h-x86_64-mingw32/bin/../lib/gcc/nios2-elf/10.3.1/../../../../../H-x86_64-mingw32/nios2-elf/lib\libc.a(lib_a-wctomb_r.o)
 .data          0x0000000000030f1c        0x0 c:/intelfpga_lite/21.1/nios2eds/bin/gnu/h-x86_64-mingw32/bin/../lib/gcc/nios2-elf/10.3.1/../../../../../H-x86_64-mingw32/nios2-elf/lib\libc.a(lib_a-abort.o)
 .data          0x0000000000030f1c        0x0 c:/intelfpga_lite/21.1/nios2eds/bin/gnu/h-x86_64-mingw32/bin/../lib/gcc/nios2-elf/10.3.1/../../../../../H-x86_64-mingw32/nios2-elf/lib\libc.a(lib_a-ctype_.o)
 .data          0x0000000000030f1c        0x0 c:/intelfpga_lite/21.1/nios2eds/bin/gnu/h-x86_64-mingw32/bin/../lib/gcc/nios2-elf/10.3.1/../../../../../H-x86_64-mingw32/nios2-elf/lib\libc.a(lib_a-signal.o)
 .data          0x0000000000030f1c        0x0 c:/intelfpga_lite/21.1/nios2eds/bin/gnu/h-x86_64-mingw32/bin/../lib/gcc/nios2-elf/10.3.1/../../../../../H-x86_64-mingw32/nios2-elf/lib\libc.a(lib_a-signalr.o)
 .data          0x0000000000030f1c        0x0 c:/intelfpga_lite/21.1/nios2eds/bin/gnu/h-x86_64-mingw32/bin/../lib/gcc/nios2-elf/10.3.1\libgcc.a(_udivdi3.o)
 .data          0x0000000000030f1c        0x0 c:/intelfpga_lite/21.1/nios2eds/bin/gnu/h-x86_64-mingw32/bin/../lib/gcc/nios2-elf/10.3.1\libgcc.a(_umoddi3.o)
 .data          0x0000000000030f1c        0x0 c:/intelfpga_lite/21.1/nios2eds/bin/gnu/h-x86_64-mingw32/bin/../lib/gcc/nios2-elf/10.3.1\libgcc.a(adddf3.o)
 .data          0x0000000000030f1c        0x0 c:/intelfpga_lite/21.1/nios2eds/bin/gnu/h-x86_64-mingw32/bin/../lib/gcc/nios2-elf/10.3.1\libgcc.a(divdf3.o)
 .data          0x0000000000030f1c        0x0 c:/intelfpga_lite/21.1/nios2eds/bin/gnu/h-x86_64-mingw32/bin/../lib/gcc/nios2-elf/10.3.1\libgcc.a(eqdf2.o)
 .data          0x0000000000030f1c        0x0 c:/intelfpga_lite/21.1/nios2eds/bin/gnu/h-x86_64-mingw32/bin/../lib/gcc/nios2-elf/10.3.1\libgcc.a(gedf2.o)
 .data          0x0000000000030f1c        0x0 c:/intelfpga_lite/21.1/nios2eds/bin/gnu/h-x86_64-mingw32/bin/../lib/gcc/nios2-elf/10.3.1\libgcc.a(ledf2.o)
 .data          0x0000000000030f1c        0x0 c:/intelfpga_lite/21.1/nios2eds/bin/gnu/h-x86_64-mingw32/bin/../lib/gcc/nios2-elf/10.3.1\libgcc.a(muldf3.o)
 .data          0x0000000000030f1c        0x0 c:/intelfpga_lite/21.1/nios2eds/bin/gnu/h-x86_64-mingw32/bin/../lib/gcc/nios2-elf/10.3.1\libgcc.a(subdf3.o)
 .data          0x0000000000030f1c        0x0 c:/intelfpga_lite/21.1/nios2eds/bin/gnu/h-x86_64-mingw32/bin/../lib/gcc/nios2-elf/10.3.1\libgcc.a(unorddf2.o)
 .data          0x0000000000030f1c        0x0 c:/intelfpga_lite/21.1/nios2eds/bin/gnu/h-x86_64-mingw32/bin/../lib/gcc/nios2-elf/10.3.1\libgcc.a(fixdfsi.o)
 .data          0x0000000000030f1c        0x0 c:/intelfpga_lite/21.1/nios2eds/bin/gnu/h-x86_64-mingw32/bin/../lib/gcc/nios2-elf/10.3.1\libgcc.a(floatsidf.o)
 .data          0x0000000000030f1c        0x0 c:/intelfpga_lite/21.1/nios2eds/bin/gnu/h-x86_64-mingw32/bin/../lib/gcc/nios2-elf/10.3.1\libgcc.a(floatunsidf.o)
 .data          0x0000000000030f1c        0x0 c:/intelfpga_lite/21.1/nios2eds/bin/gnu/h-x86_64-mingw32/bin/../lib/gcc/nios2-elf/10.3.1\libgcc.a(_clz.o)
 .data          0x0000000000030f1c        0x0 c:/intelfpga_lite/21.1/nios2eds/bin/gnu/h-x86_64-mingw32/bin/../lib/gcc/nios2-elf/10.3.1\libgcc.a(_clzsi2.o)
 .data          0x0000000000030f1c        0x0 c:/vcs/git/camouse/fpga/software/camouse_bsp/\libhal_bsp.a(alt_close.o)
 .data          0x0000000000030f1c      0x1a8 c:/vcs/git/camouse/fpga/software/camouse_bsp/\libhal_bsp.a(alt_dev.o)
                0x0000000000030f1c                alt_dev_null
                0x0000000000030f44                alt_fd_list
 .data          0x00000000000310c4        0x0 c:/vcs/git/camouse/fpga/software/camouse_bsp/\libhal_bsp.a(alt_errno.o)
 .data          0x00000000000310c4        0x0 c:/vcs/git/camouse/fpga/software/camouse_bsp/\libhal_bsp.a(alt_exit.o)
 .data          0x00000000000310c4        0x0 c:/vcs/git/camouse/fpga/software/camouse_bsp/\libhal_bsp.a(alt_fstat.o)
 .data          0x00000000000310c4        0x0 c:/vcs/git/camouse/fpga/software/camouse_bsp/\libhal_bsp.a(alt_getpid.o)
 .data          0x00000000000310c4        0x0 c:/vcs/git/camouse/fpga/software/camouse_bsp/\libhal_bsp.a(alt_isatty.o)
 .data          0x00000000000310c4        0x0 c:/vcs/git/camouse/fpga/software/camouse_bsp/\libhal_bsp.a(alt_kill.o)
 .data          0x00000000000310c4        0x0 c:/vcs/git/camouse/fpga/software/camouse_bsp/\libhal_bsp.a(alt_load.o)
 .data          0x00000000000310c4        0x0 c:/vcs/git/camouse/fpga/software/camouse_bsp/\libhal_bsp.a(alt_lseek.o)
 .data          0x00000000000310c4        0x0 c:/vcs/git/camouse/fpga/software/camouse_bsp/\libhal_bsp.a(alt_main.o)
 .data          0x00000000000310c4        0x0 c:/vcs/git/camouse/fpga/software/camouse_bsp/\libhal_bsp.a(alt_malloc_lock.o)
 .data          0x00000000000310c4        0x0 c:/vcs/git/camouse/fpga/software/camouse_bsp/\libhal_bsp.a(alt_read.o)
 .data          0x00000000000310c4        0x0 c:/vcs/git/camouse/fpga/software/camouse_bsp/\libhal_bsp.a(alt_release_fd.o)
 .data          0x00000000000310c4        0x0 c:/vcs/git/camouse/fpga/software/camouse_bsp/\libhal_bsp.a(alt_sbrk.o)
 .data          0x00000000000310c4        0x0 c:/vcs/git/camouse/fpga/software/camouse_bsp/\libhal_bsp.a(alt_usleep.o)
 .data          0x00000000000310c4        0x0 c:/vcs/git/camouse/fpga/software/camouse_bsp/\libhal_bsp.a(alt_write.o)
 .data          0x00000000000310c4     0x1060 c:/vcs/git/camouse/fpga/software/camouse_bsp/\libhal_bsp.a(alt_sys_init.o)
 .data          0x0000000000032124        0x0 c:/vcs/git/camouse/fpga/software/camouse_bsp/\libhal_bsp.a(altera_avalon_jtag_uart_fd.o)
 .data          0x0000000000032124        0x0 c:/vcs/git/camouse/fpga/software/camouse_bsp/\libhal_bsp.a(altera_avalon_jtag_uart_init.o)
 .data          0x0000000000032124        0x0 c:/vcs/git/camouse/fpga/software/camouse_bsp/\libhal_bsp.a(altera_avalon_jtag_uart_ioctl.o)
 .data          0x0000000000032124        0x0 c:/vcs/git/camouse/fpga/software/camouse_bsp/\libhal_bsp.a(altera_avalon_jtag_uart_read.o)
 .data          0x0000000000032124        0x0 c:/vcs/git/camouse/fpga/software/camouse_bsp/\libhal_bsp.a(altera_avalon_jtag_uart_write.o)
 .data          0x0000000000032124        0x0 c:/vcs/git/camouse/fpga/software/camouse_bsp/\libhal_bsp.a(altera_avalon_timer_sc.o)
 .data          0x0000000000032124        0x0 c:/vcs/git/camouse/fpga/software/camouse_bsp/\libhal_bsp.a(alt_alarm_start.o)
 .data          0x0000000000032124        0x0 c:/vcs/git/camouse/fpga/software/camouse_bsp/\libhal_bsp.a(alt_busy_sleep.o)
 .data          0x0000000000032124        0x0 c:/vcs/git/camouse/fpga/software/camouse_bsp/\libhal_bsp.a(alt_dcache_flush_all.o)
 .data          0x0000000000032124        0x0 c:/vcs/git/camouse/fpga/software/camouse_bsp/\libhal_bsp.a(alt_dev_llist_insert.o)
 .data          0x0000000000032124        0x0 c:/vcs/git/camouse/fpga/software/camouse_bsp/\libhal_bsp.a(alt_do_ctors.o)
 .data          0x0000000000032124        0x0 c:/vcs/git/camouse/fpga/software/camouse_bsp/\libhal_bsp.a(alt_do_dtors.o)
 .data          0x0000000000032124        0x0 c:/vcs/git/camouse/fpga/software/camouse_bsp/\libhal_bsp.a(alt_icache_flush_all.o)
 .data          0x0000000000032124        0x0 c:/vcs/git/camouse/fpga/software/camouse_bsp/\libhal_bsp.a(alt_iic.o)
 .data          0x0000000000032124        0x0 c:/vcs/git/camouse/fpga/software/camouse_bsp/\libhal_bsp.a(alt_iic_isr_register.o)
 .data          0x0000000000032124        0x0 c:/vcs/git/camouse/fpga/software/camouse_bsp/\libhal_bsp.a(alt_io_redirect.o)
 .data          0x0000000000032124        0x0 c:/vcs/git/camouse/fpga/software/camouse_bsp/\libhal_bsp.a(alt_irq_entry.o)
 .data          0x0000000000032124        0x0 c:/vcs/git/camouse/fpga/software/camouse_bsp/\libhal_bsp.a(alt_irq_handler.o)
 .data          0x0000000000032124        0x0 c:/vcs/git/camouse/fpga/software/camouse_bsp/\libhal_bsp.a(alt_irq_vars.o)
 .data          0x0000000000032124        0x0 c:/vcs/git/camouse/fpga/software/camouse_bsp/\libhal_bsp.a(alt_open.o)
 .data          0x0000000000032124        0x0 c:/vcs/git/camouse/fpga/software/camouse_bsp/\libhal_bsp.a(alt_tick.o)
 .data          0x0000000000032124        0x0 c:/vcs/git/camouse/fpga/software/camouse_bsp/\libhal_bsp.a(altera_nios2_gen2_irq.o)
 .data          0x0000000000032124        0x0 c:/vcs/git/camouse/fpga/software/camouse_bsp/\libhal_bsp.a(alt_exception_entry.o)
 .data          0x0000000000032124        0x0 c:/vcs/git/camouse/fpga/software/camouse_bsp/\libhal_bsp.a(alt_find_dev.o)
 .data          0x0000000000032124        0x0 c:/vcs/git/camouse/fpga/software/camouse_bsp/\libhal_bsp.a(alt_find_file.o)
 .data          0x0000000000032124        0x0 c:/vcs/git/camouse/fpga/software/camouse_bsp/\libhal_bsp.a(alt_get_fd.o)
 .data          0x0000000000032124        0x0 c:/vcs/git/camouse/fpga/software/camouse_bsp/\libhal_bsp.a(alt_icache_flush.o)
 .data          0x0000000000032124        0x0 c:/vcs/git/camouse/fpga/software/camouse_bsp/\libhal_bsp.a(alt_instruction_exception_entry.o)
 .data          0x0000000000032124        0x0 c:/intelfpga_lite/21.1/nios2eds/bin/gnu/h-x86_64-mingw32/bin/../lib/gcc/nios2-elf/10.3.1/../../../../../H-x86_64-mingw32/nios2-elf/lib\libc.a(lib_a-atexit.o)
 .data          0x0000000000032124        0x0 c:/intelfpga_lite/21.1/nios2eds/bin/gnu/h-x86_64-mingw32/bin/../lib/gcc/nios2-elf/10.3.1/../../../../../H-x86_64-mingw32/nios2-elf/lib\libc.a(lib_a-exit.o)
 .data          0x0000000000032124        0x0 c:/intelfpga_lite/21.1/nios2eds/bin/gnu/h-x86_64-mingw32/bin/../lib/gcc/nios2-elf/10.3.1/../../../../../H-x86_64-mingw32/nios2-elf/lib\libc.a(lib_a-memcmp.o)
 .data          0x0000000000032124        0x0 c:/intelfpga_lite/21.1/nios2eds/bin/gnu/h-x86_64-mingw32/bin/../lib/gcc/nios2-elf/10.3.1/../../../../../H-x86_64-mingw32/nios2-elf/lib\libc.a(lib_a-__atexit.o)
 .data          0x0000000000032124        0x0 c:/intelfpga_lite/21.1/nios2eds/bin/gnu/h-x86_64-mingw32/bin/../lib/gcc/nios2-elf/10.3.1/../../../../../H-x86_64-mingw32/nios2-elf/lib\libc.a(lib_a-__call_atexit.o)
                0x000000000003a124                _gp = ABSOLUTE ((. + 0x8000))
                [!provide]                        PROVIDE (gp = _gp)
 *(.rwdata .rwdata.*)
 *(.sdata .sdata.* .gnu.linkonce.s.*)
 .sdata._global_impure_ptr